../Core/Src/main.cpp:595:6:void analogTask(void*)	8	static
../Core/Src/main.cpp:620:6:void modbusTask(void*)	8	static
../Core/Src/main.cpp:690:6:void cdcTask(void*)	8	static
../Core/Src/main.cpp:639:6:void spiTask(void*)	8	static
../Core/Src/main.cpp:573:16:int _write(int, char*, int)	8	static
../Core/Src/main.cpp:577:6:void printBin(unsigned char)	24	static
../Core/Src/main.cpp:710:6:void HAL_TIM_PeriodElapsedCallback(TIM_HandleTypeDef*)	0	static
../Core/Src/main.cpp:727:6:void Error_Handler()	8	static,ignoring_inline_asm
../Core/Src/main.cpp:243:6:void SystemClock_Config()	88	static
../Core/Src/main.cpp:136:5:int main()	88	static
../Core/Src/main.cpp:737:1:cpp)	8	static
