../Core/Src/stm32f4xx_hal_msp.c:72:6:HAL_MspInit	8	static
../Core/Src/stm32f4xx_hal_msp.c:94:6:HAL_ADC_MspInit	48	static
../Core/Src/stm32f4xx_hal_msp.c:157:6:HAL_ADC_MspDeInit	8	static
../Core/Src/stm32f4xx_hal_msp.c:194:6:HAL_SPI_MspInit	48	static
../Core/Src/stm32f4xx_hal_msp.c:268:6:HAL_SPI_MspDeInit	8	static
../Core/Src/stm32f4xx_hal_msp.c:301:6:HAL_TIM_Base_MspInit	8	static
../Core/Src/stm32f4xx_hal_msp.c:323:6:HAL_TIM_Base_MspDeInit	0	static
../Core/Src/stm32f4xx_hal_msp.c:345:6:HAL_UART_MspInit	48	static
../Core/Src/stm32f4xx_hal_msp.c:418:6:HAL_UART_MspDeInit	8	static
