D:/STM32CUBEIDEWorkspace1.9.0/sparkfunBME280STM32/src/SparkFunBME280.cpp:33:1:BME280::BME280()	0	static
D:/STM32CUBEIDEWorkspace1.9.0/sparkfunBME280STM32/src/SparkFunBME280.cpp:312:9:uint8_t BME280::checkSampleValue(uint8_t)	0	static
D:/STM32CUBEIDEWorkspace1.9.0/sparkfunBME280STM32/src/SparkFunBME280.cpp:342:6:void BME280::setI2CAddress(uint8_t)	0	static
D:/STM32CUBEIDEWorkspace1.9.0/sparkfunBME280STM32/src/SparkFunBME280.cpp:419:6:void BME280::readFloatPressureFromBurst(uint8_t*, BME280_SensorMeasurements*)	32	static
D:/STM32CUBEIDEWorkspace1.9.0/sparkfunBME280STM32/src/SparkFunBME280.cpp:457:6:void BME280::setReferencePressure(float)	0	static
D:/STM32CUBEIDEWorkspace1.9.0/sparkfunBME280STM32/src/SparkFunBME280.cpp:463:7:float BME280::getReferencePressure()	0	static
D:/STM32CUBEIDEWorkspace1.9.0/sparkfunBME280STM32/src/SparkFunBME280.cpp:519:6:void BME280::readFloatHumidityFromBurst(uint8_t*, BME280_SensorMeasurements*)	12	static
D:/STM32CUBEIDEWorkspace1.9.0/sparkfunBME280STM32/src/SparkFunBME280.cpp:544:6:void BME280::setTemperatureCorrection(float)	0	static
D:/STM32CUBEIDEWorkspace1.9.0/sparkfunBME280STM32/src/SparkFunBME280.cpp:573:7:float BME280::readTempFromBurst(uint8_t*)	0	static
D:/STM32CUBEIDEWorkspace1.9.0/sparkfunBME280STM32/src/SparkFunBME280.cpp:591:6:void BME280::readTempCFromBurst(uint8_t*, BME280_SensorMeasurements*)	8	static
D:/STM32CUBEIDEWorkspace1.9.0/sparkfunBME280STM32/src/SparkFunBME280.cpp:604:6:void BME280::readTempFFromBurst(uint8_t*, BME280_SensorMeasurements*)	8	static
D:/STM32CUBEIDEWorkspace1.9.0/sparkfunBME280STM32/src/SparkFunBME280.cpp:647:6:void BME280::readRegisterRegion(uint8_t*, uint8_t, uint8_t)	24	static
D:/STM32CUBEIDEWorkspace1.9.0/sparkfunBME280STM32/src/SparkFunBME280.cpp:370:6:void BME280::readAllMeasurements(BME280_SensorMeasurements*, uint8_t)	24	static
D:/STM32CUBEIDEWorkspace1.9.0/sparkfunBME280STM32/src/SparkFunBME280.cpp:389:7:float BME280::readFloatPressure()	32	static
D:/STM32CUBEIDEWorkspace1.9.0/sparkfunBME280STM32/src/SparkFunBME280.cpp:468:7:float BME280::readFloatAltitudeMeters()	8	static
D:/STM32CUBEIDEWorkspace1.9.0/sparkfunBME280STM32/src/SparkFunBME280.cpp:484:7:float BME280::readFloatAltitudeFeet()	8	static
D:/STM32CUBEIDEWorkspace1.9.0/sparkfunBME280STM32/src/SparkFunBME280.cpp:498:7:float BME280::readFloatHumidity()	16	static
D:/STM32CUBEIDEWorkspace1.9.0/sparkfunBME280STM32/src/SparkFunBME280.cpp:549:7:float BME280::readTempC()	16	static
D:/STM32CUBEIDEWorkspace1.9.0/sparkfunBME280STM32/src/SparkFunBME280.cpp:596:7:float BME280::readTempF()	8	static
D:/STM32CUBEIDEWorkspace1.9.0/sparkfunBME280STM32/src/SparkFunBME280.cpp:618:8:double BME280::dewPointC()	48	static
D:/STM32CUBEIDEWorkspace1.9.0/sparkfunBME280STM32/src/SparkFunBME280.cpp:637:8:double BME280::dewPointF()	8	static
D:/STM32CUBEIDEWorkspace1.9.0/sparkfunBME280STM32/src/SparkFunBME280.cpp:729:9:uint8_t BME280::readRegister(uint8_t)	16	static
D:/STM32CUBEIDEWorkspace1.9.0/sparkfunBME280STM32/src/SparkFunBME280.cpp:206:9:uint8_t BME280::getMode()	8	static
D:/STM32CUBEIDEWorkspace1.9.0/sparkfunBME280STM32/src/SparkFunBME280.cpp:348:6:bool BME280::isMeasuring()	8	static
D:/STM32CUBEIDEWorkspace1.9.0/sparkfunBME280STM32/src/SparkFunBME280.cpp:778:9:int16_t BME280::readRegisterInt16(uint8_t)	16	static
D:/STM32CUBEIDEWorkspace1.9.0/sparkfunBME280STM32/src/SparkFunBME280.cpp:787:6:void BME280::writeRegister(uint8_t, uint8_t)	16	static
D:/STM32CUBEIDEWorkspace1.9.0/sparkfunBME280STM32/src/SparkFunBME280.cpp:192:6:void BME280::setMode(uint8_t)	16	static
D:/STM32CUBEIDEWorkspace1.9.0/sparkfunBME280STM32/src/SparkFunBME280.cpp:222:6:void BME280::setStandbyTime(uint8_t)	16	static
D:/STM32CUBEIDEWorkspace1.9.0/sparkfunBME280STM32/src/SparkFunBME280.cpp:239:6:void BME280::setFilter(uint8_t)	16	static
D:/STM32CUBEIDEWorkspace1.9.0/sparkfunBME280STM32/src/SparkFunBME280.cpp:252:6:void BME280::setTempOverSample(uint8_t)	16	static
D:/STM32CUBEIDEWorkspace1.9.0/sparkfunBME280STM32/src/SparkFunBME280.cpp:272:6:void BME280::setPressureOverSample(uint8_t)	16	static
D:/STM32CUBEIDEWorkspace1.9.0/sparkfunBME280STM32/src/SparkFunBME280.cpp:292:6:void BME280::setHumidityOverSample(uint8_t)	16	static
D:/STM32CUBEIDEWorkspace1.9.0/sparkfunBME280STM32/src/SparkFunBME280.cpp:64:9:uint8_t BME280::begin()	16	static
D:/STM32CUBEIDEWorkspace1.9.0/sparkfunBME280STM32/src/SparkFunBME280.cpp:142:6:bool BME280::beginSPI(uint8_t)	8	static
D:/STM32CUBEIDEWorkspace1.9.0/sparkfunBME280STM32/src/SparkFunBME280.cpp:355:6:void BME280::reset()	0	static
