Archive member included to satisfy reference by file (symbol)

d:/stm32/stm32cubeide_1.9.0/stm32cubeide/plugins/com.st.stm32cube.ide.mcu.externaltools.gnu-tools-for-stm32.10.3-2021.10.win32_1.0.100.202210260954/tools/bin/../lib/gcc/arm-none-eabi/10.3.1/../../../../arm-none-eabi/lib/thumb/v7e-m+fp/hard\libstdc++_nano.a(del_opv.o)
                              ./sparkfunBME280STM32/examples/More_Advanced/LCD_DeltaAltitude/CircularBuffer.o (operator delete[](void*))
d:/stm32/stm32cubeide_1.9.0/stm32cubeide/plugins/com.st.stm32cube.ide.mcu.externaltools.gnu-tools-for-stm32.10.3-2021.10.win32_1.0.100.202210260954/tools/bin/../lib/gcc/arm-none-eabi/10.3.1/../../../../arm-none-eabi/lib/thumb/v7e-m+fp/hard\libstdc++_nano.a(new_opv.o)
                              ./sparkfunBME280STM32/examples/More_Advanced/LCD_DeltaAltitude/CircularBuffer.o (operator new[](unsigned int))
d:/stm32/stm32cubeide_1.9.0/stm32cubeide/plugins/com.st.stm32cube.ide.mcu.externaltools.gnu-tools-for-stm32.10.3-2021.10.win32_1.0.100.202210260954/tools/bin/../lib/gcc/arm-none-eabi/10.3.1/../../../../arm-none-eabi/lib/thumb/v7e-m+fp/hard\libstdc++_nano.a(del_op.o)
                              d:/stm32/stm32cubeide_1.9.0/stm32cubeide/plugins/com.st.stm32cube.ide.mcu.externaltools.gnu-tools-for-stm32.10.3-2021.10.win32_1.0.100.202210260954/tools/bin/../lib/gcc/arm-none-eabi/10.3.1/../../../../arm-none-eabi/lib/thumb/v7e-m+fp/hard\libstdc++_nano.a(del_opv.o) (operator delete(void*))
d:/stm32/stm32cubeide_1.9.0/stm32cubeide/plugins/com.st.stm32cube.ide.mcu.externaltools.gnu-tools-for-stm32.10.3-2021.10.win32_1.0.100.202210260954/tools/bin/../lib/gcc/arm-none-eabi/10.3.1/../../../../arm-none-eabi/lib/thumb/v7e-m+fp/hard\libstdc++_nano.a(new_op.o)
                              d:/stm32/stm32cubeide_1.9.0/stm32cubeide/plugins/com.st.stm32cube.ide.mcu.externaltools.gnu-tools-for-stm32.10.3-2021.10.win32_1.0.100.202210260954/tools/bin/../lib/gcc/arm-none-eabi/10.3.1/../../../../arm-none-eabi/lib/thumb/v7e-m+fp/hard\libstdc++_nano.a(new_opv.o) (operator new(unsigned int))
d:/stm32/stm32cubeide_1.9.0/stm32cubeide/plugins/com.st.stm32cube.ide.mcu.externaltools.gnu-tools-for-stm32.10.3-2021.10.win32_1.0.100.202210260954/tools/bin/../lib/gcc/arm-none-eabi/10.3.1/../../../../arm-none-eabi/lib/thumb/v7e-m+fp/hard\libstdc++_nano.a(new_handler.o)
                              d:/stm32/stm32cubeide_1.9.0/stm32cubeide/plugins/com.st.stm32cube.ide.mcu.externaltools.gnu-tools-for-stm32.10.3-2021.10.win32_1.0.100.202210260954/tools/bin/../lib/gcc/arm-none-eabi/10.3.1/../../../../arm-none-eabi/lib/thumb/v7e-m+fp/hard\libstdc++_nano.a(new_op.o) (std::get_new_handler())
d:/stm32/stm32cubeide_1.9.0/stm32cubeide/plugins/com.st.stm32cube.ide.mcu.externaltools.gnu-tools-for-stm32.10.3-2021.10.win32_1.0.100.202210260954/tools/bin/../lib/gcc/arm-none-eabi/10.3.1/../../../../arm-none-eabi/lib/thumb/v7e-m+fp/hard\libm.a(lib_a-w_log.o)
                              ./sparkfunBME280STM32/src/SparkFunBME280.o (log)
d:/stm32/stm32cubeide_1.9.0/stm32cubeide/plugins/com.st.stm32cube.ide.mcu.externaltools.gnu-tools-for-stm32.10.3-2021.10.win32_1.0.100.202210260954/tools/bin/../lib/gcc/arm-none-eabi/10.3.1/../../../../arm-none-eabi/lib/thumb/v7e-m+fp/hard\libm.a(lib_a-w_log10.o)
                              ./sparkfunBME280STM32/src/SparkFunBME280.o (log10)
d:/stm32/stm32cubeide_1.9.0/stm32cubeide/plugins/com.st.stm32cube.ide.mcu.externaltools.gnu-tools-for-stm32.10.3-2021.10.win32_1.0.100.202210260954/tools/bin/../lib/gcc/arm-none-eabi/10.3.1/../../../../arm-none-eabi/lib/thumb/v7e-m+fp/hard\libm.a(lib_a-w_pow.o)
                              ./sparkfunBME280STM32/src/SparkFunBME280.o (pow)
d:/stm32/stm32cubeide_1.9.0/stm32cubeide/plugins/com.st.stm32cube.ide.mcu.externaltools.gnu-tools-for-stm32.10.3-2021.10.win32_1.0.100.202210260954/tools/bin/../lib/gcc/arm-none-eabi/10.3.1/../../../../arm-none-eabi/lib/thumb/v7e-m+fp/hard\libm.a(lib_a-e_log.o)
                              d:/stm32/stm32cubeide_1.9.0/stm32cubeide/plugins/com.st.stm32cube.ide.mcu.externaltools.gnu-tools-for-stm32.10.3-2021.10.win32_1.0.100.202210260954/tools/bin/../lib/gcc/arm-none-eabi/10.3.1/../../../../arm-none-eabi/lib/thumb/v7e-m+fp/hard\libm.a(lib_a-w_log.o) (__ieee754_log)
d:/stm32/stm32cubeide_1.9.0/stm32cubeide/plugins/com.st.stm32cube.ide.mcu.externaltools.gnu-tools-for-stm32.10.3-2021.10.win32_1.0.100.202210260954/tools/bin/../lib/gcc/arm-none-eabi/10.3.1/../../../../arm-none-eabi/lib/thumb/v7e-m+fp/hard\libm.a(lib_a-e_log10.o)
                              d:/stm32/stm32cubeide_1.9.0/stm32cubeide/plugins/com.st.stm32cube.ide.mcu.externaltools.gnu-tools-for-stm32.10.3-2021.10.win32_1.0.100.202210260954/tools/bin/../lib/gcc/arm-none-eabi/10.3.1/../../../../arm-none-eabi/lib/thumb/v7e-m+fp/hard\libm.a(lib_a-w_log10.o) (__ieee754_log10)
[...]
Memory Configuration

Name             Origin             Length             Attributes
CCMRAM           0x0000000010000000 0x0000000000010000 xrw
RAM              0x0000000020000000 0x0000000000020000 xrw
FLASH            0x0000000008000000 0x0000000000100000 xr
*default*        0x0000000000000000 0xffffffffffffffff

Linker script and memory map

LOAD d:/stm32/stm32cubeide_1.9.0/stm32cubeide/plugins/com.st.stm32cube.ide.mcu.externaltools.gnu-tools-for-stm32.10.3-2021.10.win32_1.0.100.202210260954/tools/bin/../lib/gcc/arm-none-eabi/10.3.1/thumb/v7e-m+fp/hard/crti.o
LOAD d:/stm32/stm32cubeide_1.9.0/stm32cubeide/plugins/com.st.stm32cube.ide.mcu.externaltools.gnu-tools-for-stm32.10.3-2021.10.win32_1.0.100.202210260954/tools/bin/../lib/gcc/arm-none-eabi/10.3.1/thumb/v7e-m+fp/hard/crtbegin.o
LOAD d:/stm32/stm32cubeide_1.9.0/stm32cubeide/plugins/com.st.stm32cube.ide.mcu.externaltools.gnu-tools-for-stm32.10.3-2021.10.win32_1.0.100.202210260954/tools/bin/../lib/gcc/arm-none-eabi/10.3.1/../../../../arm-none-eabi/lib/thumb/v7e-m+fp/hard/crt0.o
LOAD ./Core/Src/freertos.o
LOAD ./Core/Src/main.o
LOAD ./Core/Src/momos.o
LOAD ./Core/Src/stm32f4xx_hal_msp.o
LOAD ./Core/Src/stm32f4xx_hal_timebase_tim.o
LOAD ./Core/Src/stm32f4xx_it.o
LOAD ./Core/Src/syscalls.o
LOAD ./Core/Src/sysmem.o
LOAD ./Core/Src/system_stm32f4xx.o
LOAD ./Core/Src/temp.o
LOAD ./Core/Startup/startup_stm32f407vgtx.o
LOAD ./Drivers/STM32F4xx_HAL_Driver/Src/stm32f4xx_hal.o
LOAD ./Drivers/STM32F4xx_HAL_Driver/Src/stm32f4xx_hal_adc.o
LOAD ./Drivers/STM32F4xx_HAL_Driver/Src/stm32f4xx_hal_adc_ex.o
LOAD ./Drivers/STM32F4xx_HAL_Driver/Src/stm32f4xx_hal_cortex.o
LOAD ./Drivers/STM32F4xx_HAL_Driver/Src/stm32f4xx_hal_dma.o
LOAD ./Drivers/STM32F4xx_HAL_Driver/Src/stm32f4xx_hal_dma_ex.o
LOAD ./Drivers/STM32F4xx_HAL_Driver/Src/stm32f4xx_hal_exti.o
LOAD ./Drivers/STM32F4xx_HAL_Driver/Src/stm32f4xx_hal_flash.o
LOAD ./Drivers/STM32F4xx_HAL_Driver/Src/stm32f4xx_hal_flash_ex.o
LOAD ./Drivers/STM32F4xx_HAL_Driver/Src/stm32f4xx_hal_flash_ramfunc.o
LOAD ./Drivers/STM32F4xx_HAL_Driver/Src/stm32f4xx_hal_gpio.o
LOAD ./Drivers/STM32F4xx_HAL_Driver/Src/stm32f4xx_hal_pcd.o
LOAD ./Drivers/STM32F4xx_HAL_Driver/Src/stm32f4xx_hal_pcd_ex.o
LOAD ./Drivers/STM32F4xx_HAL_Driver/Src/stm32f4xx_hal_pwr.o
LOAD ./Drivers/STM32F4xx_HAL_Driver/Src/stm32f4xx_hal_pwr_ex.o
LOAD ./Drivers/STM32F4xx_HAL_Driver/Src/stm32f4xx_hal_rcc.o
LOAD ./Drivers/STM32F4xx_HAL_Driver/Src/stm32f4xx_hal_rcc_ex.o
LOAD ./Drivers/STM32F4xx_HAL_Driver/Src/stm32f4xx_hal_spi.o
LOAD ./Drivers/STM32F4xx_HAL_Driver/Src/stm32f4xx_hal_tim.o
LOAD ./Drivers/STM32F4xx_HAL_Driver/Src/stm32f4xx_hal_tim_ex.o
LOAD ./Drivers/STM32F4xx_HAL_Driver/Src/stm32f4xx_hal_uart.o
LOAD ./Drivers/STM32F4xx_HAL_Driver/Src/stm32f4xx_ll_adc.o
LOAD ./Drivers/STM32F4xx_HAL_Driver/Src/stm32f4xx_ll_usb.o
LOAD ./MMA_7455/MMA_7455.o
LOAD ./MODBUS-LIB/Src/Modbus.o
LOAD ./MODBUS-LIB/Src/UARTCallback.o
LOAD ./Middlewares/ST/STM32_USB_Device_Library/Class/CDC/Src/usbd_cdc.o
LOAD ./Middlewares/ST/STM32_USB_Device_Library/Core/Src/usbd_core.o
LOAD ./Middlewares/ST/STM32_USB_Device_Library/Core/Src/usbd_ctlreq.o
LOAD ./Middlewares/ST/STM32_USB_Device_Library/Core/Src/usbd_ioreq.o
LOAD ./Middlewares/Third_Party/FreeRTOS/Source/CMSIS_RTOS_V2/cmsis_os2.o
LOAD ./Middlewares/Third_Party/FreeRTOS/Source/croutine.o
LOAD ./Middlewares/Third_Party/FreeRTOS/Source/event_groups.o
LOAD ./Middlewares/Third_Party/FreeRTOS/Source/list.o
LOAD ./Middlewares/Third_Party/FreeRTOS/Source/queue.o
LOAD ./Middlewares/Third_Party/FreeRTOS/Source/stream_buffer.o
LOAD ./Middlewares/Third_Party/FreeRTOS/Source/tasks.o
LOAD ./Middlewares/Third_Party/FreeRTOS/Source/timers.o
LOAD ./Middlewares/Third_Party/FreeRTOS/Source/portable/GCC/ARM_CM4F/port.o
LOAD ./Middlewares/Third_Party/FreeRTOS/Source/portable/MemMang/heap_4.o
LOAD ./USB_DEVICE/App/usb_device.o
LOAD ./USB_DEVICE/App/usbd_cdc_if.o
LOAD ./USB_DEVICE/App/usbd_desc.o
LOAD ./USB_DEVICE/Target/usbd_conf.o
LOAD ./sparkfunBME280STM32/examples/More_Advanced/LCD_DeltaAltitude/CircularBuffer.o
LOAD ./sparkfunBME280STM32/src/SparkFunBME280.o
START GROUP
LOAD d:/stm32/stm32cubeide_1.9.0/stm32cubeide/plugins/com.st.stm32cube.ide.mcu.externaltools.gnu-tools-for-stm32.10.3-2021.10.win32_1.0.100.202210260954/tools/bin/../lib/gcc/arm-none-eabi/10.3.1/../../../../arm-none-eabi/lib/thumb/v7e-m+fp/hard\libstdc++_nano.a
LOAD d:/stm32/stm32cubeide_1.9.0/stm32cubeide/plugins/com.st.stm32cube.ide.mcu.externaltools.gnu-tools-for-stm32.10.3-2021.10.win32_1.0.100.202210260954/tools/bin/../lib/gcc/arm-none-eabi/10.3.1/../../../../arm-none-eabi/lib/thumb/v7e-m+fp/hard\libsupc++_nano.a
END GROUP
LOAD d:/stm32/stm32cubeide_1.9.0/stm32cubeide/plugins/com.st.stm32cube.ide.mcu.externaltools.gnu-tools-for-stm32.10.3-2021.10.win32_1.0.100.202210260954/tools/bin/../lib/gcc/arm-none-eabi/10.3.1/../../../../arm-none-eabi/lib/thumb/v7e-m+fp/hard\libstdc++_nano.a
LOAD d:/stm32/stm32cubeide_1.9.0/stm32cubeide/plugins/com.st.stm32cube.ide.mcu.externaltools.gnu-tools-for-stm32.10.3-2021.10.win32_1.0.100.202210260954/tools/bin/../lib/gcc/arm-none-eabi/10.3.1/../../../../arm-none-eabi/lib/thumb/v7e-m+fp/hard\libm.a
LOAD d:/stm32/stm32cubeide_1.9.0/stm32cubeide/plugins/com.st.stm32cube.ide.mcu.externaltools.gnu-tools-for-stm32.10.3-2021.10.win32_1.0.100.202210260954/tools/bin/../lib/gcc/arm-none-eabi/10.3.1/../../../../arm-none-eabi/lib/thumb/v7e-m+fp/hard\libc_nano.a
START GROUP
LOAD d:/stm32/stm32cubeide_1.9.0/stm32cubeide/plugins/com.st.stm32cube.ide.mcu.externaltools.gnu-tools-for-stm32.10.3-2021.10.win32_1.0.100.202210260954/tools/bin/../lib/gcc/arm-none-eabi/10.3.1/thumb/v7e-m+fp/hard\libgcc.a
LOAD d:/stm32/stm32cubeide_1.9.0/stm32cubeide/plugins/com.st.stm32cube.ide.mcu.externaltools.gnu-tools-for-stm32.10.3-2021.10.win32_1.0.100.202210260954/tools/bin/../lib/gcc/arm-none-eabi/10.3.1/../../../../arm-none-eabi/lib/thumb/v7e-m+fp/hard\libc_nano.a
END GROUP
START GROUP
LOAD d:/stm32/stm32cubeide_1.9.0/stm32cubeide/plugins/com.st.stm32cube.ide.mcu.externaltools.gnu-tools-for-stm32.10.3-2021.10.win32_1.0.100.202210260954/tools/bin/../lib/gcc/arm-none-eabi/10.3.1/thumb/v7e-m+fp/hard\libgcc.a
LOAD d:/stm32/stm32cubeide_1.9.0/stm32cubeide/plugins/com.st.stm32cube.ide.mcu.externaltools.gnu-tools-for-stm32.10.3-2021.10.win32_1.0.100.202210260954/tools/bin/../lib/gcc/arm-none-eabi/10.3.1/../../../../arm-none-eabi/lib/thumb/v7e-m+fp/hard\libc_nano.a
LOAD d:/stm32/stm32cubeide_1.9.0/stm32cubeide/plugins/com.st.stm32cube.ide.mcu.externaltools.gnu-tools-for-stm32.10.3-2021.10.win32_1.0.100.202210260954/tools/bin/../lib/gcc/arm-none-eabi/10.3.1/../../../../arm-none-eabi/lib/thumb/v7e-m+fp/hard\libnosys.a
END GROUP
START GROUP
LOAD d:/stm32/stm32cubeide_1.9.0/stm32cubeide/plugins/com.st.stm32cube.ide.mcu.externaltools.gnu-tools-for-stm32.10.3-2021.10.win32_1.0.100.202210260954/tools/bin/../lib/gcc/arm-none-eabi/10.3.1/thumb/v7e-m+fp/hard\libgcc.a
LOAD d:/stm32/stm32cubeide_1.9.0/stm32cubeide/plugins/com.st.stm32cube.ide.mcu.externaltools.gnu-tools-for-stm32.10.3-2021.10.win32_1.0.100.202210260954/tools/bin/../lib/gcc/arm-none-eabi/10.3.1/../../../../arm-none-eabi/lib/thumb/v7e-m+fp/hard\libc_nano.a
LOAD d:/stm32/stm32cubeide_1.9.0/stm32cubeide/plugins/com.st.stm32cube.ide.mcu.externaltools.gnu-tools-for-stm32.10.3-2021.10.win32_1.0.100.202210260954/tools/bin/../lib/gcc/arm-none-eabi/10.3.1/../../../../arm-none-eabi/lib/thumb/v7e-m+fp/hard\libnosys.a
END GROUP
LOAD d:/stm32/stm32cubeide_1.9.0/stm32cubeide/plugins/com.st.stm32cube.ide.mcu.externaltools.gnu-tools-for-stm32.10.3-2021.10.win32_1.0.100.202210260954/tools/bin/../lib/gcc/arm-none-eabi/10.3.1/thumb/v7e-m+fp/hard/crtend.o
LOAD d:/stm32/stm32cubeide_1.9.0/stm32cubeide/plugins/com.st.stm32cube.ide.mcu.externaltools.gnu-tools-for-stm32.10.3-2021.10.win32_1.0.100.202210260954/tools/bin/../lib/gcc/arm-none-eabi/10.3.1/thumb/v7e-m+fp/hard/crtn.o
                0x0000000020020000                _estack = (ORIGIN (RAM) + LENGTH (RAM))
                0x0000000000000200                _Min_Heap_Size = 0x200
                0x0000000000000400                _Min_Stack_Size = 0x400

.isr_vector     0x0000000008000000      0x188
                0x0000000008000000                . = ALIGN (0x4)
 *(.isr_vector)
 .isr_vector    0x0000000008000000      0x188 ./Core/Startup/startup_stm32f407vgtx.o
                0x0000000008000000                g_pfnVectors
                0x0000000008000188                . = ALIGN (0x4)

.text           0x0000000008000190     0xc18c
                0x0000000008000190                . = ALIGN (0x4)
 *(.text)
 .text          0x0000000008000190       0x40 d:/stm32/stm32cubeide_1.9.0/stm32cubeide/plugins/com.st.stm32cube.ide.mcu.externaltools.gnu-tools-for-stm32.10.3-2021.10.win32_1.0.100.202210260954/tools/bin/../lib/gcc/arm-none-eabi/10.3.1/thumb/v7e-m+fp/hard/crtbegin.o
 .text          0x00000000080001d0       0x10 d:/stm32/stm32cubeide_1.9.0/stm32cubeide/plugins/com.st.stm32cube.ide.mcu.externaltools.gnu-tools-for-stm32.10.3-2021.10.win32_1.0.100.202210260954/tools/bin/../lib/gcc/arm-none-eabi/10.3.1/../../../../arm-none-eabi/lib/thumb/v7e-m+fp/hard\libc_nano.a(lib_a-strlen.o)
                0x00000000080001d0                strlen
 .text          0x00000000080001e0       0xa0 d:/stm32/stm32cubeide_1.9.0/stm32cubeide/plugins/com.st.stm32cube.ide.mcu.externaltools.gnu-tools-for-stm32.10.3-2021.10.win32_1.0.100.202210260954/tools/bin/../lib/gcc/arm-none-eabi/10.3.1/../../../../arm-none-eabi/lib/thumb/v7e-m+fp/hard\libc_nano.a(lib_a-memchr.o)
                0x00000000080001e0                memchr
 .text          0x0000000008000280      0x378 d:/stm32/stm32cubeide_1.9.0/stm32cubeide/plugins/com.st.stm32cube.ide.mcu.externaltools.gnu-tools-for-stm32.10.3-2021.10.win32_1.0.100.202210260954/tools/bin/../lib/gcc/arm-none-eabi/10.3.1/thumb/v7e-m+fp/hard\libgcc.a(_arm_addsubdf3.o)
                0x0000000008000280                __aeabi_drsub
                0x0000000008000288                __aeabi_dsub
                0x0000000008000288                __subdf3
                0x000000000800028c                __aeabi_dadd
                0x000000000800028c                __adddf3
                0x0000000008000504                __floatunsidf
                0x0000000008000504                __aeabi_ui2d
                0x0000000008000524                __floatsidf
                0x0000000008000524                __aeabi_i2d
                0x0000000008000548                __aeabi_f2d
                0x0000000008000548                __extendsfdf2
                0x000000000800058c                __floatundidf
                0x000000000800058c                __aeabi_ul2d
                0x000000000800059c                __floatdidf
                0x000000000800059c                __aeabi_l2d
 .text          0x00000000080005f8      0x424 d:/stm32/stm32cubeide_1.9.0/stm32cubeide/plugins/com.st.stm32cube.ide.mcu.externaltools.gnu-tools-for-stm32.10.3-2021.10.win32_1.0.100.202210260954/tools/bin/../lib/gcc/arm-none-eabi/10.3.1/thumb/v7e-m+fp/hard\libgcc.a(_arm_muldivdf3.o)
                0x00000000080005f8                __aeabi_dmul
                0x00000000080005f8                __muldf3
                0x000000000800084c                __divdf3
                0x000000000800084c                __aeabi_ddiv
 .text          0x0000000008000a1c      0x110 d:/stm32/stm32cubeide_1.9.0/stm32cubeide/plugins/com.st.stm32cube.ide.mcu.externaltools.gnu-tools-for-stm32.10.3-2021.10.win32_1.0.100.202210260954/tools/bin/../lib/gcc/arm-none-eabi/10.3.1/thumb/v7e-m+fp/hard\libgcc.a(_arm_cmpdf2.o)
                0x0000000008000a1c                __gtdf2
                0x0000000008000a1c                __gedf2
                0x0000000008000a24                __ltdf2
                0x0000000008000a24                __ledf2
                0x0000000008000a2c                __nedf2
                0x0000000008000a2c                __eqdf2
                0x0000000008000a2c                __cmpdf2
                0x0000000008000aa8                __aeabi_cdrcmple
                0x0000000008000ab8                __aeabi_cdcmpeq
                0x0000000008000ab8                __aeabi_cdcmple
                0x0000000008000ac8                __aeabi_dcmpeq
                0x0000000008000adc                __aeabi_dcmplt
                0x0000000008000af0                __aeabi_dcmple
                0x0000000008000b04                __aeabi_dcmpge
                0x0000000008000b18                __aeabi_dcmpgt
 .text          0x0000000008000b2c       0x2c d:/stm32/stm32cubeide_1.9.0/stm32cubeide/plugins/com.st.stm32cube.ide.mcu.externaltools.gnu-tools-for-stm32.10.3-2021.10.win32_1.0.100.202210260954/tools/bin/../lib/gcc/arm-none-eabi/10.3.1/thumb/v7e-m+fp/hard\libgcc.a(_arm_unorddf2.o)
                0x0000000008000b2c                __unorddf2
                0x0000000008000b2c                __aeabi_dcmpun
 .text          0x0000000008000b58       0x50 d:/stm32/stm32cubeide_1.9.0/stm32cubeide/plugins/com.st.stm32cube.ide.mcu.externaltools.gnu-tools-for-stm32.10.3-2021.10.win32_1.0.100.202210260954/tools/bin/../lib/gcc/arm-none-eabi/10.3.1/thumb/v7e-m+fp/hard\libgcc.a(_arm_fixdfsi.o)
                0x0000000008000b58                __aeabi_d2iz
                0x0000000008000b58                __fixdfsi
 .text          0x0000000008000ba8       0x30 d:/stm32/stm32cubeide_1.9.0/stm32cubeide/plugins/com.st.stm32cube.ide.mcu.externaltools.gnu-tools-for-stm32.10.3-2021.10.win32_1.0.100.202210260954/tools/bin/../lib/gcc/arm-none-eabi/10.3.1/thumb/v7e-m+fp/hard\libgcc.a(_aeabi_uldivmod.o)
                0x0000000008000ba8                __aeabi_uldivmod
 .text          0x0000000008000bd8      0x2d0 d:/stm32/stm32cubeide_1.9.0/stm32cubeide/plugins/com.st.stm32cube.ide.mcu.externaltools.gnu-tools-for-stm32.10.3-2021.10.win32_1.0.100.202210260954/tools/bin/../lib/gcc/arm-none-eabi/10.3.1/thumb/v7e-m+fp/hard\libgcc.a(_udivmoddi4.o)
                0x0000000008000bd8                __udivmoddi4
 .text          0x0000000008000ea8        0x4 d:/stm32/stm32cubeide_1.9.0/stm32cubeide/plugins/com.st.stm32cube.ide.mcu.externaltools.gnu-tools-for-stm32.10.3-2021.10.win32_1.0.100.202210260954/tools/bin/../lib/gcc/arm-none-eabi/10.3.1/thumb/v7e-m+fp/hard\libgcc.a(_dvmd_tls.o)
                0x0000000008000ea8                __aeabi_idiv0
                0x0000000008000ea8                __aeabi_ldiv0
 *(.text*)
 .text._Z10analogTaskPv
                0x0000000008000eac       0x34 ./Core/Src/main.o
                0x0000000008000eac                analogTask(void*)
 .text._Z10modbusTaskPv
                0x0000000008000ee0        0xc ./Core/Src/main.o
                0x0000000008000ee0                modbusTask(void*)
 .text._Z7cdcTaskPv
                0x0000000008000eec        0xa ./Core/Src/main.o
                0x0000000008000eec                cdcTask(void*)
 *fill*         0x0000000008000ef6        0x2 
 .text._Z7spiTaskPv
                0x0000000008000ef8       0x58 ./Core/Src/main.o
                0x0000000008000ef8                spiTask(void*)
 .text._write   0x0000000008000f50       0x10 ./Core/Src/main.o
                0x0000000008000f50                _write
 .text.HAL_TIM_PeriodElapsedCallback
                0x0000000008000f60       0x14 ./Core/Src/main.o
                0x0000000008000f60                HAL_TIM_PeriodElapsedCallback
 .text.Error_Handler
                0x0000000008000f74       0x14 ./Core/Src/main.o
                0x0000000008000f74                Error_Handler
 .text._Z18SystemClock_Configv
                0x0000000008000f88       0xa0 ./Core/Src/main.o
                0x0000000008000f88                SystemClock_Config()
 .text.startup.main
                0x0000000008001028      0x3ac ./Core/Src/main.o
                0x0000000008001028                main
 .text.startup._GLOBAL__sub_I_hadc1
                0x00000000080013d4       0x20 ./Core/Src/main.o
 .text.HAL_MspInit
                0x00000000080013f4       0x40 ./Core/Src/stm32f4xx_hal_msp.o
                0x00000000080013f4                HAL_MspInit
 .text.HAL_ADC_MspInit
                0x0000000008001434       0xa4 ./Core/Src/stm32f4xx_hal_msp.o
                0x0000000008001434                HAL_ADC_MspInit
 .text.HAL_SPI_MspInit
                0x00000000080014d8       0xe0 ./Core/Src/stm32f4xx_hal_msp.o
                0x00000000080014d8                HAL_SPI_MspInit
 .text.HAL_TIM_Base_MspInit
                0x00000000080015b8       0x30 ./Core/Src/stm32f4xx_hal_msp.o
                0x00000000080015b8                HAL_TIM_Base_MspInit
 .text.HAL_UART_MspInit
                0x00000000080015e8       0xe4 ./Core/Src/stm32f4xx_hal_msp.o
                0x00000000080015e8                HAL_UART_MspInit
 .text.HAL_InitTick
                0x00000000080016cc       0xa0 ./Core/Src/stm32f4xx_hal_timebase_tim.o
                0x00000000080016cc                HAL_InitTick
 .text.NMI_Handler
                0x000000000800176c        0x2 ./Core/Src/stm32f4xx_it.o
                0x000000000800176c                NMI_Handler
 .text.HardFault_Handler
                0x000000000800176e        0x2 ./Core/Src/stm32f4xx_it.o
                0x000000000800176e                HardFault_Handler
 .text.MemManage_Handler
                0x0000000008001770        0x2 ./Core/Src/stm32f4xx_it.o
                0x0000000008001770                MemManage_Handler
 .text.BusFault_Handler
                0x0000000008001772        0x2 ./Core/Src/stm32f4xx_it.o
                0x0000000008001772                BusFault_Handler
 .text.UsageFault_Handler
                0x0000000008001774        0x2 ./Core/Src/stm32f4xx_it.o
                0x0000000008001774                UsageFault_Handler
 .text.DebugMon_Handler
                0x0000000008001776        0x2 ./Core/Src/stm32f4xx_it.o
                0x0000000008001776                DebugMon_Handler
 .text.DMA1_Stream1_IRQHandler
                0x0000000008001778        0xc ./Core/Src/stm32f4xx_it.o
                0x0000000008001778                DMA1_Stream1_IRQHandler
 .text.DMA1_Stream3_IRQHandler
                0x0000000008001784        0xc ./Core/Src/stm32f4xx_it.o
                0x0000000008001784                DMA1_Stream3_IRQHandler
 .text.TIM6_DAC_IRQHandler
                0x0000000008001790        0xc ./Core/Src/stm32f4xx_it.o
                0x0000000008001790                TIM6_DAC_IRQHandler
 .text.DMA2_Stream0_IRQHandler
                0x000000000800179c        0xc ./Core/Src/stm32f4xx_it.o
                0x000000000800179c                DMA2_Stream0_IRQHandler
 .text.DMA2_Stream3_IRQHandler
                0x00000000080017a8        0xc ./Core/Src/stm32f4xx_it.o
                0x00000000080017a8                DMA2_Stream3_IRQHandler
 .text.DMA2_Stream4_IRQHandler
                0x00000000080017b4        0xc ./Core/Src/stm32f4xx_it.o
                0x00000000080017b4                DMA2_Stream4_IRQHandler
 .text.OTG_FS_IRQHandler
                0x00000000080017c0        0xc ./Core/Src/stm32f4xx_it.o
                0x00000000080017c0                OTG_FS_IRQHandler
 .text._getpid  0x00000000080017cc        0x4 ./Core/Src/syscalls.o
                0x00000000080017cc                _getpid
 .text._kill    0x00000000080017d0       0x10 ./Core/Src/syscalls.o
                0x00000000080017d0                _kill
 .text._exit    0x00000000080017e0        0xc ./Core/Src/syscalls.o
                0x00000000080017e0                _exit
 .text._read    0x00000000080017ec       0x1c ./Core/Src/syscalls.o
                0x00000000080017ec                _read
 .text._close   0x0000000008001808        0x6 ./Core/Src/syscalls.o
                0x0000000008001808                _close
 .text._fstat   0x000000000800180e        0xa ./Core/Src/syscalls.o
                0x000000000800180e                _fstat
 .text._isatty  0x0000000008001818        0x4 ./Core/Src/syscalls.o
                0x0000000008001818                _isatty
 .text._lseek   0x000000000800181c        0x4 ./Core/Src/syscalls.o
                0x000000000800181c                _lseek
 .text._sbrk    0x0000000008001820       0x40 ./Core/Src/sysmem.o
                0x0000000008001820                _sbrk
 .text.SystemInit
                0x0000000008001860       0x14 ./Core/Src/system_stm32f4xx.o
                0x0000000008001860                SystemInit
 .text.Reset_Handler
                0x0000000008001874       0x50 ./Core/Startup/startup_stm32f407vgtx.o
                0x0000000008001874                Reset_Handler
 .text.Default_Handler
                0x00000000080018c4        0x2 ./Core/Startup/startup_stm32f407vgtx.o
                0x00000000080018c4                RTC_Alarm_IRQHandler
                0x00000000080018c4                HASH_RNG_IRQHandler
                0x00000000080018c4                EXTI2_IRQHandler
                0x00000000080018c4                TIM8_CC_IRQHandler
                0x00000000080018c4                TIM1_CC_IRQHandler
                0x00000000080018c4                DMA2_Stream5_IRQHandler
                0x00000000080018c4                DMA1_Stream5_IRQHandler
                0x00000000080018c4                PVD_IRQHandler
                0x00000000080018c4                SDIO_IRQHandler
                0x00000000080018c4                TAMP_STAMP_IRQHandler
                0x00000000080018c4                CAN2_RX1_IRQHandler
                0x00000000080018c4                EXTI3_IRQHandler
                0x00000000080018c4                TIM8_TRG_COM_TIM14_IRQHandler
                0x00000000080018c4                TIM1_UP_TIM10_IRQHandler
                0x00000000080018c4                TIM8_UP_TIM13_IRQHandler
                0x00000000080018c4                I2C3_ER_IRQHandler
                0x00000000080018c4                EXTI0_IRQHandler
                0x00000000080018c4                I2C2_EV_IRQHandler
                0x00000000080018c4                DMA1_Stream2_IRQHandler
                0x00000000080018c4                CAN1_RX0_IRQHandler
                0x00000000080018c4                FPU_IRQHandler
                0x00000000080018c4                OTG_HS_WKUP_IRQHandler
                0x00000000080018c4                CAN2_SCE_IRQHandler
                0x00000000080018c4                DMA2_Stream2_IRQHandler
                0x00000000080018c4                SPI1_IRQHandler
                0x00000000080018c4                TIM1_BRK_TIM9_IRQHandler
                0x00000000080018c4                DCMI_IRQHandler
                0x00000000080018c4                CAN2_RX0_IRQHandler
                0x00000000080018c4                USART6_IRQHandler
                0x00000000080018c4                USART3_IRQHandler
                0x00000000080018c4                CAN1_RX1_IRQHandler
                0x00000000080018c4                UART5_IRQHandler
                0x00000000080018c4                TIM4_IRQHandler
                0x00000000080018c4                I2C1_EV_IRQHandler
                0x00000000080018c4                DMA1_Stream6_IRQHandler
                0x00000000080018c4                UART4_IRQHandler
                0x00000000080018c4                TIM3_IRQHandler
                0x00000000080018c4                RCC_IRQHandler
                0x00000000080018c4                TIM8_BRK_TIM12_IRQHandler
                0x00000000080018c4                Default_Handler
                0x00000000080018c4                EXTI15_10_IRQHandler
                0x00000000080018c4                ADC_IRQHandler
                0x00000000080018c4                DMA1_Stream7_IRQHandler
                0x00000000080018c4                TIM7_IRQHandler
                0x00000000080018c4                CAN2_TX_IRQHandler
                0x00000000080018c4                TIM5_IRQHandler
                0x00000000080018c4                DMA2_Stream7_IRQHandler
                0x00000000080018c4                I2C3_EV_IRQHandler
                0x00000000080018c4                EXTI9_5_IRQHandler
                0x00000000080018c4                RTC_WKUP_IRQHandler
                0x00000000080018c4                ETH_WKUP_IRQHandler
                0x00000000080018c4                SPI2_IRQHandler
                0x00000000080018c4                OTG_HS_EP1_IN_IRQHandler
                0x00000000080018c4                DMA1_Stream0_IRQHandler
                0x00000000080018c4                CAN1_TX_IRQHandler
                0x00000000080018c4                EXTI4_IRQHandler
                0x00000000080018c4                FSMC_IRQHandler
                0x00000000080018c4                ETH_IRQHandler
                0x00000000080018c4                OTG_HS_EP1_OUT_IRQHandler
                0x00000000080018c4                WWDG_IRQHandler
                0x00000000080018c4                TIM2_IRQHandler
                0x00000000080018c4                OTG_FS_WKUP_IRQHandler
                0x00000000080018c4                TIM1_TRG_COM_TIM11_IRQHandler
                0x00000000080018c4                OTG_HS_IRQHandler
                0x00000000080018c4                EXTI1_IRQHandler
                0x00000000080018c4                USART2_IRQHandler
                0x00000000080018c4                I2C2_ER_IRQHandler
                0x00000000080018c4                DMA2_Stream1_IRQHandler
                0x00000000080018c4                CAN1_SCE_IRQHandler
                0x00000000080018c4                FLASH_IRQHandler
                0x00000000080018c4                USART1_IRQHandler
                0x00000000080018c4                SPI3_IRQHandler
                0x00000000080018c4                DMA1_Stream4_IRQHandler
                0x00000000080018c4                I2C1_ER_IRQHandler
                0x00000000080018c4                DMA2_Stream6_IRQHandler
 *fill*         0x00000000080018c6        0x2 
 .text.HAL_Init
                0x00000000080018c8       0x34 ./Drivers/STM32F4xx_HAL_Driver/Src/stm32f4xx_hal.o
                0x00000000080018c8                HAL_Init
 .text.HAL_IncTick
                0x00000000080018fc       0x18 ./Drivers/STM32F4xx_HAL_Driver/Src/stm32f4xx_hal.o
                0x00000000080018fc                HAL_IncTick
 .text.HAL_GetTick
                0x0000000008001914        0xc ./Drivers/STM32F4xx_HAL_Driver/Src/stm32f4xx_hal.o
                0x0000000008001914                HAL_GetTick
 .text.HAL_Delay
                0x0000000008001920       0x28 ./Drivers/STM32F4xx_HAL_Driver/Src/stm32f4xx_hal.o
                0x0000000008001920                HAL_Delay
 .text.HAL_ADC_Init
                0x0000000008001948      0x14c ./Drivers/STM32F4xx_HAL_Driver/Src/stm32f4xx_hal_adc.o
                0x0000000008001948                HAL_ADC_Init
 .text.HAL_ADC_ConfigChannel
                0x0000000008001a94      0x124 ./Drivers/STM32F4xx_HAL_Driver/Src/stm32f4xx_hal_adc.o
                0x0000000008001a94                HAL_ADC_ConfigChannel
 .text.HAL_NVIC_SetPriorityGrouping
                0x0000000008001bb8       0x24 ./Drivers/STM32F4xx_HAL_Driver/Src/stm32f4xx_hal_cortex.o
                0x0000000008001bb8                HAL_NVIC_SetPriorityGrouping
 .text.HAL_NVIC_SetPriority
                0x0000000008001bdc       0x64 ./Drivers/STM32F4xx_HAL_Driver/Src/stm32f4xx_hal_cortex.o
                0x0000000008001bdc                HAL_NVIC_SetPriority
 .text.HAL_NVIC_EnableIRQ
                0x0000000008001c40       0x1c ./Drivers/STM32F4xx_HAL_Driver/Src/stm32f4xx_hal_cortex.o
                0x0000000008001c40                HAL_NVIC_EnableIRQ
 .text.DMA_CalcBaseAndBitshift
                0x0000000008001c5c       0x2c ./Drivers/STM32F4xx_HAL_Driver/Src/stm32f4xx_hal_dma.o
 .text.HAL_DMA_Init
                0x0000000008001c88      0x100 ./Drivers/STM32F4xx_HAL_Driver/Src/stm32f4xx_hal_dma.o
                0x0000000008001c88                HAL_DMA_Init
 .text.HAL_DMA_Start_IT
                0x0000000008001d88       0x74 ./Drivers/STM32F4xx_HAL_Driver/Src/stm32f4xx_hal_dma.o
                0x0000000008001d88                HAL_DMA_Start_IT
 .text.HAL_DMA_Abort
                0x0000000008001dfc       0x88 ./Drivers/STM32F4xx_HAL_Driver/Src/stm32f4xx_hal_dma.o
                0x0000000008001dfc                HAL_DMA_Abort
 .text.HAL_DMA_Abort_IT
                0x0000000008001e84       0x24 ./Drivers/STM32F4xx_HAL_Driver/Src/stm32f4xx_hal_dma.o
                0x0000000008001e84                HAL_DMA_Abort_IT
 .text.HAL_DMA_IRQHandler
                0x0000000008001ea8      0x17c ./Drivers/STM32F4xx_HAL_Driver/Src/stm32f4xx_hal_dma.o
                0x0000000008001ea8                HAL_DMA_IRQHandler
 .text.HAL_GPIO_Init
                0x0000000008002024      0x1b4 ./Drivers/STM32F4xx_HAL_Driver/Src/stm32f4xx_hal_gpio.o
                0x0000000008002024                HAL_GPIO_Init
 .text.HAL_GPIO_WritePin
                0x00000000080021d8        0xa ./Drivers/STM32F4xx_HAL_Driver/Src/stm32f4xx_hal_gpio.o
                0x00000000080021d8                HAL_GPIO_WritePin
 .text.HAL_GPIO_TogglePin
                0x00000000080021e2       0x12 ./Drivers/STM32F4xx_HAL_Driver/Src/stm32f4xx_hal_gpio.o
                0x00000000080021e2                HAL_GPIO_TogglePin
 .text.HAL_PCD_Init
                0x00000000080021f4      0x10a ./Drivers/STM32F4xx_HAL_Driver/Src/stm32f4xx_hal_pcd.o
                0x00000000080021f4                HAL_PCD_Init
 .text.HAL_PCD_Start
                0x00000000080022fe       0x3e ./Drivers/STM32F4xx_HAL_Driver/Src/stm32f4xx_hal_pcd.o
                0x00000000080022fe                HAL_PCD_Start
 .text.HAL_PCD_SetAddress
                0x000000000800233c       0x28 ./Drivers/STM32F4xx_HAL_Driver/Src/stm32f4xx_hal_pcd.o
                0x000000000800233c                HAL_PCD_SetAddress
 .text.HAL_PCD_EP_Open
                0x0000000008002364       0x70 ./Drivers/STM32F4xx_HAL_Driver/Src/stm32f4xx_hal_pcd.o
                0x0000000008002364                HAL_PCD_EP_Open
 .text.HAL_PCD_EP_Close
                0x00000000080023d4       0x5e ./Drivers/STM32F4xx_HAL_Driver/Src/stm32f4xx_hal_pcd.o
                0x00000000080023d4                HAL_PCD_EP_Close
 .text.HAL_PCD_EP_Receive
                0x0000000008002432       0x48 ./Drivers/STM32F4xx_HAL_Driver/Src/stm32f4xx_hal_pcd.o
                0x0000000008002432                HAL_PCD_EP_Receive
 .text.HAL_PCD_EP_GetRxCount
                0x000000000800247a       0x10 ./Drivers/STM32F4xx_HAL_Driver/Src/stm32f4xx_hal_pcd.o
                0x000000000800247a                HAL_PCD_EP_GetRxCount
 .text.HAL_PCD_EP_Transmit
                0x000000000800248a       0x40 ./Drivers/STM32F4xx_HAL_Driver/Src/stm32f4xx_hal_pcd.o
                0x000000000800248a                HAL_PCD_EP_Transmit
 .text.HAL_PCD_EP_SetStall
                0x00000000080024ca       0x70 ./Drivers/STM32F4xx_HAL_Driver/Src/stm32f4xx_hal_pcd.o
                0x00000000080024ca                HAL_PCD_EP_SetStall
 .text.HAL_PCD_EP_ClrStall
                0x000000000800253a       0x6c ./Drivers/STM32F4xx_HAL_Driver/Src/stm32f4xx_hal_pcd.o
                0x000000000800253a                HAL_PCD_EP_ClrStall
 .text.HAL_PCD_EP_Abort
                0x00000000080025a6       0x20 ./Drivers/STM32F4xx_HAL_Driver/Src/stm32f4xx_hal_pcd.o
                0x00000000080025a6                HAL_PCD_EP_Abort
 *fill*         0x00000000080025c6        0x2 
 .text.HAL_PCD_IRQHandler
                0x00000000080025c8      0x68c ./Drivers/STM32F4xx_HAL_Driver/Src/stm32f4xx_hal_pcd.o
                0x00000000080025c8                HAL_PCD_IRQHandler
 .text.HAL_PCDEx_SetTxFiFo
                0x0000000008002c54       0x40 ./Drivers/STM32F4xx_HAL_Driver/Src/stm32f4xx_hal_pcd_ex.o
                0x0000000008002c54                HAL_PCDEx_SetTxFiFo
 .text.HAL_PCDEx_SetRxFiFo
                0x0000000008002c94        0x8 ./Drivers/STM32F4xx_HAL_Driver/Src/stm32f4xx_hal_pcd_ex.o
                0x0000000008002c94                HAL_PCDEx_SetRxFiFo
 .text.HAL_PCDEx_LPM_Callback
                0x0000000008002c9c        0x2 ./Drivers/STM32F4xx_HAL_Driver/Src/stm32f4xx_hal_pcd_ex.o
                0x0000000008002c9c                HAL_PCDEx_LPM_Callback
 *fill*         0x0000000008002c9e        0x2 
 .text.HAL_RCC_OscConfig
                0x0000000008002ca0      0x360 ./Drivers/STM32F4xx_HAL_Driver/Src/stm32f4xx_hal_rcc.o
                0x0000000008002ca0                HAL_RCC_OscConfig
 .text.HAL_RCC_GetSysClockFreq
                0x0000000008003000       0x5c ./Drivers/STM32F4xx_HAL_Driver/Src/stm32f4xx_hal_rcc.o
                0x0000000008003000                HAL_RCC_GetSysClockFreq
 .text.HAL_RCC_ClockConfig
                0x000000000800305c      0x138 ./Drivers/STM32F4xx_HAL_Driver/Src/stm32f4xx_hal_rcc.o
                0x000000000800305c                HAL_RCC_ClockConfig
 .text.HAL_RCC_GetHCLKFreq
                0x0000000008003194        0xc ./Drivers/STM32F4xx_HAL_Driver/Src/stm32f4xx_hal_rcc.o
                0x0000000008003194                HAL_RCC_GetHCLKFreq
 .text.HAL_RCC_GetPCLK1Freq
                0x00000000080031a0       0x20 ./Drivers/STM32F4xx_HAL_Driver/Src/stm32f4xx_hal_rcc.o
                0x00000000080031a0                HAL_RCC_GetPCLK1Freq
 .text.HAL_RCC_GetPCLK2Freq
                0x00000000080031c0       0x20 ./Drivers/STM32F4xx_HAL_Driver/Src/stm32f4xx_hal_rcc.o
                0x00000000080031c0                HAL_RCC_GetPCLK2Freq
 .text.HAL_RCC_GetClockConfig
                0x00000000080031e0       0x3c ./Drivers/STM32F4xx_HAL_Driver/Src/stm32f4xx_hal_rcc.o
                0x00000000080031e0                HAL_RCC_GetClockConfig
 .text.SPI_WaitFlagStateUntilTimeout.constprop.0
                0x000000000800321c       0xa8 ./Drivers/STM32F4xx_HAL_Driver/Src/stm32f4xx_hal_spi.o
 .text.SPI_EndRxTransaction
                0x00000000080032c4       0x54 ./Drivers/STM32F4xx_HAL_Driver/Src/stm32f4xx_hal_spi.o
 .text.SPI_EndRxTxTransaction
                0x0000000008003318       0x58 ./Drivers/STM32F4xx_HAL_Driver/Src/stm32f4xx_hal_spi.o
 .text.HAL_SPI_Init
                0x0000000008003370       0xb8 ./Drivers/STM32F4xx_HAL_Driver/Src/stm32f4xx_hal_spi.o
                0x0000000008003370                HAL_SPI_Init
 .text.HAL_SPI_Transmit
                0x0000000008003428      0x15c ./Drivers/STM32F4xx_HAL_Driver/Src/stm32f4xx_hal_spi.o
                0x0000000008003428                HAL_SPI_Transmit
 .text.HAL_SPI_TransmitReceive
                0x0000000008003584      0x1e8 ./Drivers/STM32F4xx_HAL_Driver/Src/stm32f4xx_hal_spi.o
                0x0000000008003584                HAL_SPI_TransmitReceive
 .text.HAL_SPI_Receive
                0x000000000800376c      0x148 ./Drivers/STM32F4xx_HAL_Driver/Src/stm32f4xx_hal_spi.o
                0x000000000800376c                HAL_SPI_Receive
 .text.HAL_TIM_Base_Start_IT
                0x00000000080038b4       0x74 ./Drivers/STM32F4xx_HAL_Driver/Src/stm32f4xx_hal_tim.o
                0x00000000080038b4                HAL_TIM_Base_Start_IT
 .text.HAL_TIM_OC_DelayElapsedCallback
                0x0000000008003928        0x2 ./Drivers/STM32F4xx_HAL_Driver/Src/stm32f4xx_hal_tim.o
                0x0000000008003928                HAL_TIM_OC_DelayElapsedCallback
 .text.HAL_TIM_IC_CaptureCallback
                0x000000000800392a        0x2 ./Drivers/STM32F4xx_HAL_Driver/Src/stm32f4xx_hal_tim.o
                0x000000000800392a                HAL_TIM_IC_CaptureCallback
 .text.HAL_TIM_PWM_PulseFinishedCallback
                0x000000000800392c        0x2 ./Drivers/STM32F4xx_HAL_Driver/Src/stm32f4xx_hal_tim.o
                0x000000000800392c                HAL_TIM_PWM_PulseFinishedCallback
 .text.HAL_TIM_TriggerCallback
                0x000000000800392e        0x2 ./Drivers/STM32F4xx_HAL_Driver/Src/stm32f4xx_hal_tim.o
                0x000000000800392e                HAL_TIM_TriggerCallback
 .text.HAL_TIM_IRQHandler
                0x0000000008003930      0x144 ./Drivers/STM32F4xx_HAL_Driver/Src/stm32f4xx_hal_tim.o
                0x0000000008003930                HAL_TIM_IRQHandler
 .text.TIM_Base_SetConfig
                0x0000000008003a74       0xcc ./Drivers/STM32F4xx_HAL_Driver/Src/stm32f4xx_hal_tim.o
                0x0000000008003a74                TIM_Base_SetConfig
 .text.HAL_TIM_Base_Init
                0x0000000008003b40       0x58 ./Drivers/STM32F4xx_HAL_Driver/Src/stm32f4xx_hal_tim.o
                0x0000000008003b40                HAL_TIM_Base_Init
 .text.TIM_ETR_SetConfig
                0x0000000008003b98       0x14 ./Drivers/STM32F4xx_HAL_Driver/Src/stm32f4xx_hal_tim.o
                0x0000000008003b98                TIM_ETR_SetConfig
 .text.HAL_TIM_ConfigClockSource
                0x0000000008003bac      0x138 ./Drivers/STM32F4xx_HAL_Driver/Src/stm32f4xx_hal_tim.o
                0x0000000008003bac                HAL_TIM_ConfigClockSource
 .text.HAL_TIMEx_MasterConfigSynchronization
                0x0000000008003ce4       0x7c ./Drivers/STM32F4xx_HAL_Driver/Src/stm32f4xx_hal_tim_ex.o
                0x0000000008003ce4                HAL_TIMEx_MasterConfigSynchronization
 .text.HAL_TIMEx_CommutCallback
                0x0000000008003d60        0x2 ./Drivers/STM32F4xx_HAL_Driver/Src/stm32f4xx_hal_tim_ex.o
                0x0000000008003d60                HAL_TIMEx_CommutCallback
 .text.HAL_TIMEx_BreakCallback
                0x0000000008003d62        0x2 ./Drivers/STM32F4xx_HAL_Driver/Src/stm32f4xx_hal_tim_ex.o
                0x0000000008003d62                HAL_TIMEx_BreakCallback
 .text.UART_EndRxTransfer
                0x0000000008003d64       0x5c ./Drivers/STM32F4xx_HAL_Driver/Src/stm32f4xx_hal_uart.o
 .text.UART_SetConfig
                0x0000000008003dc0       0xbc ./Drivers/STM32F4xx_HAL_Driver/Src/stm32f4xx_hal_uart.o
 .text.HAL_UART_Init
                0x0000000008003e7c       0x5c ./Drivers/STM32F4xx_HAL_Driver/Src/stm32f4xx_hal_uart.o
                0x0000000008003e7c                HAL_UART_Init
 .text.HAL_UART_Transmit_IT
                0x0000000008003ed8       0x3e ./Drivers/STM32F4xx_HAL_Driver/Src/stm32f4xx_hal_uart.o
                0x0000000008003ed8                HAL_UART_Transmit_IT
 *fill*         0x0000000008003f16        0x2 
 .text.HAL_UART_Transmit_DMA
                0x0000000008003f18       0x84 ./Drivers/STM32F4xx_HAL_Driver/Src/stm32f4xx_hal_uart.o
                0x0000000008003f18                HAL_UART_Transmit_DMA
 .text.HAL_UART_DMAStop
                0x0000000008003f9c       0x8c ./Drivers/STM32F4xx_HAL_Driver/Src/stm32f4xx_hal_uart.o
                0x0000000008003f9c                HAL_UART_DMAStop
 .text.UART_DMATransmitCplt
                0x0000000008004028       0x4c ./Drivers/STM32F4xx_HAL_Driver/Src/stm32f4xx_hal_uart.o
 .text.HAL_UART_TxHalfCpltCallback
                0x0000000008004074        0x2 ./Drivers/STM32F4xx_HAL_Driver/Src/stm32f4xx_hal_uart.o
                0x0000000008004074                HAL_UART_TxHalfCpltCallback
 .text.UART_DMATxHalfCplt
                0x0000000008004076        0xa ./Drivers/STM32F4xx_HAL_Driver/Src/stm32f4xx_hal_uart.o
 .text.HAL_UART_RxHalfCpltCallback
                0x0000000008004080        0x2 ./Drivers/STM32F4xx_HAL_Driver/Src/stm32f4xx_hal_uart.o
                0x0000000008004080                HAL_UART_RxHalfCpltCallback
 .text.UART_DMAError
                0x0000000008004082       0x5a ./Drivers/STM32F4xx_HAL_Driver/Src/stm32f4xx_hal_uart.o
 .text.HAL_UART_AbortReceiveCpltCallback
                0x00000000080040dc        0x2 ./Drivers/STM32F4xx_HAL_Driver/Src/stm32f4xx_hal_uart.o
                0x00000000080040dc                HAL_UART_AbortReceiveCpltCallback
 *fill*         0x00000000080040de        0x2 
 .text.HAL_UART_AbortReceive_IT
                0x00000000080040e0       0xb0 ./Drivers/STM32F4xx_HAL_Driver/Src/stm32f4xx_hal_uart.o
                0x00000000080040e0                HAL_UART_AbortReceive_IT
 .text.UART_DMARxOnlyAbortCallback
                0x0000000008004190       0x16 ./Drivers/STM32F4xx_HAL_Driver/Src/stm32f4xx_hal_uart.o
 .text.UART_DMARxHalfCplt
                0x00000000080041a6       0x1a ./Drivers/STM32F4xx_HAL_Driver/Src/stm32f4xx_hal_uart.o
 .text.UART_DMAReceiveCplt
                0x00000000080041c0       0x94 ./Drivers/STM32F4xx_HAL_Driver/Src/stm32f4xx_hal_uart.o
 .text.HAL_HalfDuplex_EnableTransmitter
                0x0000000008004254       0x30 ./Drivers/STM32F4xx_HAL_Driver/Src/stm32f4xx_hal_uart.o
                0x0000000008004254                HAL_HalfDuplex_EnableTransmitter
 .text.HAL_HalfDuplex_EnableReceiver
                0x0000000008004284       0x30 ./Drivers/STM32F4xx_HAL_Driver/Src/stm32f4xx_hal_uart.o
                0x0000000008004284                HAL_HalfDuplex_EnableReceiver
 .text.HAL_UART_GetState
                0x00000000080042b4        0xc ./Drivers/STM32F4xx_HAL_Driver/Src/stm32f4xx_hal_uart.o
                0x00000000080042b4                HAL_UART_GetState
 .text.UART_Start_Receive_IT
                0x00000000080042c0       0x36 ./Drivers/STM32F4xx_HAL_Driver/Src/stm32f4xx_hal_uart.o
                0x00000000080042c0                UART_Start_Receive_IT
 .text.HAL_UART_Receive_IT
                0x00000000080042f6       0x30 ./Drivers/STM32F4xx_HAL_Driver/Src/stm32f4xx_hal_uart.o
                0x00000000080042f6                HAL_UART_Receive_IT
 *fill*         0x0000000008004326        0x2 
 .text.UART_Start_Receive_DMA
                0x0000000008004328       0x9c ./Drivers/STM32F4xx_HAL_Driver/Src/stm32f4xx_hal_uart.o
                0x0000000008004328                UART_Start_Receive_DMA
 .text.HAL_UARTEx_ReceiveToIdle_DMA
                0x00000000080043c4       0x62 ./Drivers/STM32F4xx_HAL_Driver/Src/stm32f4xx_hal_uart.o
                0x00000000080043c4                HAL_UARTEx_ReceiveToIdle_DMA
 *fill*         0x0000000008004426        0x2 
 .text.USB_CoreReset
                0x0000000008004428       0x4c ./Drivers/STM32F4xx_HAL_Driver/Src/stm32f4xx_ll_usb.o
 .text.USB_CoreInit
                0x0000000008004474       0x80 ./Drivers/STM32F4xx_HAL_Driver/Src/stm32f4xx_ll_usb.o
                0x0000000008004474                USB_CoreInit
 .text.USB_SetTurnaroundTime
                0x00000000080044f4       0xe0 ./Drivers/STM32F4xx_HAL_Driver/Src/stm32f4xx_ll_usb.o
                0x00000000080044f4                USB_SetTurnaroundTime
 .text.USB_EnableGlobalInt
                0x00000000080045d4        0xc ./Drivers/STM32F4xx_HAL_Driver/Src/stm32f4xx_ll_usb.o
                0x00000000080045d4                USB_EnableGlobalInt
 .text.USB_DisableGlobalInt
                0x00000000080045e0        0xc ./Drivers/STM32F4xx_HAL_Driver/Src/stm32f4xx_ll_usb.o
                0x00000000080045e0                USB_DisableGlobalInt
 .text.USB_SetCurrentMode
                0x00000000080045ec       0x60 ./Drivers/STM32F4xx_HAL_Driver/Src/stm32f4xx_ll_usb.o
                0x00000000080045ec                USB_SetCurrentMode
 .text.USB_FlushTxFifo
                0x000000000800464c       0x4c ./Drivers/STM32F4xx_HAL_Driver/Src/stm32f4xx_ll_usb.o
                0x000000000800464c                USB_FlushTxFifo
 .text.USB_FlushRxFifo
                0x0000000008004698       0x48 ./Drivers/STM32F4xx_HAL_Driver/Src/stm32f4xx_ll_usb.o
                0x0000000008004698                USB_FlushRxFifo
 .text.USB_SetDevSpeed
                0x00000000080046e0        0xe ./Drivers/STM32F4xx_HAL_Driver/Src/stm32f4xx_ll_usb.o
                0x00000000080046e0                USB_SetDevSpeed
 *fill*         0x00000000080046ee        0x2 
 .text.USB_DevInit
                0x00000000080046f0      0x170 ./Drivers/STM32F4xx_HAL_Driver/Src/stm32f4xx_ll_usb.o
                0x00000000080046f0                USB_DevInit
 .text.USB_GetDevSpeed
                0x0000000008004860       0x16 ./Drivers/STM32F4xx_HAL_Driver/Src/stm32f4xx_ll_usb.o
                0x0000000008004860                USB_GetDevSpeed
 .text.USB_ActivateEndpoint
                0x0000000008004876       0x7c ./Drivers/STM32F4xx_HAL_Driver/Src/stm32f4xx_ll_usb.o
                0x0000000008004876                USB_ActivateEndpoint
 *fill*         0x00000000080048f2        0x2 
 .text.USB_DeactivateEndpoint
                0x00000000080048f4       0xac ./Drivers/STM32F4xx_HAL_Driver/Src/stm32f4xx_ll_usb.o
                0x00000000080048f4                USB_DeactivateEndpoint
 .text.USB_EP0StartXfer
                0x00000000080049a0       0xf8 ./Drivers/STM32F4xx_HAL_Driver/Src/stm32f4xx_ll_usb.o
                0x00000000080049a0                USB_EP0StartXfer
 .text.USB_EPStopXfer
                0x0000000008004a98       0x84 ./Drivers/STM32F4xx_HAL_Driver/Src/stm32f4xx_ll_usb.o
                0x0000000008004a98                USB_EPStopXfer
 .text.USB_WritePacket
                0x0000000008004b1c       0x26 ./Drivers/STM32F4xx_HAL_Driver/Src/stm32f4xx_ll_usb.o
                0x0000000008004b1c                USB_WritePacket
 *fill*         0x0000000008004b42        0x2 
 .text.USB_EPStartXfer
                0x0000000008004b44      0x1d8 ./Drivers/STM32F4xx_HAL_Driver/Src/stm32f4xx_ll_usb.o
                0x0000000008004b44                USB_EPStartXfer
 .text.USB_ReadPacket
                0x0000000008004d1c       0x40 ./Drivers/STM32F4xx_HAL_Driver/Src/stm32f4xx_ll_usb.o
                0x0000000008004d1c                USB_ReadPacket
 .text.USB_EPSetStall
                0x0000000008004d5c       0x56 ./Drivers/STM32F4xx_HAL_Driver/Src/stm32f4xx_ll_usb.o
                0x0000000008004d5c                USB_EPSetStall
 .text.USB_EPClearStall
                0x0000000008004db2       0x52 ./Drivers/STM32F4xx_HAL_Driver/Src/stm32f4xx_ll_usb.o
                0x0000000008004db2                USB_EPClearStall
 .text.USB_SetDevAddress
                0x0000000008004e04       0x20 ./Drivers/STM32F4xx_HAL_Driver/Src/stm32f4xx_ll_usb.o
                0x0000000008004e04                USB_SetDevAddress
 .text.USB_DevConnect
                0x0000000008004e24       0x1c ./Drivers/STM32F4xx_HAL_Driver/Src/stm32f4xx_ll_usb.o
                0x0000000008004e24                USB_DevConnect
 .text.USB_DevDisconnect
                0x0000000008004e40       0x1c ./Drivers/STM32F4xx_HAL_Driver/Src/stm32f4xx_ll_usb.o
                0x0000000008004e40                USB_DevDisconnect
 .text.USB_ReadInterrupts
                0x0000000008004e5c        0x8 ./Drivers/STM32F4xx_HAL_Driver/Src/stm32f4xx_ll_usb.o
                0x0000000008004e5c                USB_ReadInterrupts
 .text.USB_ReadDevAllOutEpInterrupt
                0x0000000008004e64       0x10 ./Drivers/STM32F4xx_HAL_Driver/Src/stm32f4xx_ll_usb.o
                0x0000000008004e64                USB_ReadDevAllOutEpInterrupt
 .text.USB_ReadDevAllInEpInterrupt
                0x0000000008004e74       0x10 ./Drivers/STM32F4xx_HAL_Driver/Src/stm32f4xx_ll_usb.o
                0x0000000008004e74                USB_ReadDevAllInEpInterrupt
 .text.USB_ReadDevOutEPInterrupt
                0x0000000008004e84       0x12 ./Drivers/STM32F4xx_HAL_Driver/Src/stm32f4xx_ll_usb.o
                0x0000000008004e84                USB_ReadDevOutEPInterrupt
 .text.USB_ReadDevInEPInterrupt
                0x0000000008004e96       0x24 ./Drivers/STM32F4xx_HAL_Driver/Src/stm32f4xx_ll_usb.o
                0x0000000008004e96                USB_ReadDevInEPInterrupt
 .text.USB_GetMode
                0x0000000008004eba        0x8 ./Drivers/STM32F4xx_HAL_Driver/Src/stm32f4xx_ll_usb.o
                0x0000000008004eba                USB_GetMode
 .text.USB_ActivateSetup
                0x0000000008004ec2       0x20 ./Drivers/STM32F4xx_HAL_Driver/Src/stm32f4xx_ll_usb.o
                0x0000000008004ec2                USB_ActivateSetup
 *fill*         0x0000000008004ee2        0x2 
 .text.USB_EP0_OutStart
                0x0000000008004ee4       0x4c ./Drivers/STM32F4xx_HAL_Driver/Src/stm32f4xx_ll_usb.o
                0x0000000008004ee4                USB_EP0_OutStart
 .text._ZN8MMA_745511_readRegSPIEh.constprop.0
                0x0000000008004f30       0x5c ./MMA_7455/MMA_7455.o
 .text._ZN8MMA_745512_writeRegSPIEhh.constprop.0
                0x0000000008004f8c       0x40 ./MMA_7455/MMA_7455.o
 .text._ZN8MMA_7455C2E17_MMA7455_PROTOCOLh
                0x0000000008004fcc       0x12 ./MMA_7455/MMA_7455.o
                0x0000000008004fcc                MMA_7455::MMA_7455(_MMA7455_PROTOCOL, unsigned char)
                0x0000000008004fcc                MMA_7455::MMA_7455(_MMA7455_PROTOCOL, unsigned char)
 .text._ZN8MMA_74555beginEv
                0x0000000008004fde       0x86 ./MMA_7455/MMA_7455.o
                0x0000000008004fde                MMA_7455::begin()
 .text._ZN8MMA_745514setSensitivityEi
                0x0000000008005064       0x2a ./MMA_7455/MMA_7455.o
                0x0000000008005064                MMA_7455::setSensitivity(int)
 .text._ZN8MMA_74557setModeE5_MODE
                0x000000000800508e       0x26 ./MMA_7455/MMA_7455.o
                0x000000000800508e                MMA_7455::setMode(_MODE)
 .text._ZN8MMA_745513setAxisOffsetEsss
                0x00000000080050b4       0x42 ./MMA_7455/MMA_7455.o
                0x00000000080050b4                MMA_7455::setAxisOffset(short, short, short)
 *fill*         0x00000000080050f6        0x2 
 .text.vTimerCallbackT35
                0x00000000080050f8       0x5c ./MODBUS-LIB/Src/Modbus.o
 .text.vTimerCallbackTimeout
                0x0000000008005154       0x3c ./MODBUS-LIB/Src/Modbus.o
 .text.RingAdd  0x0000000008005190       0x3c ./MODBUS-LIB/Src/Modbus.o
                0x0000000008005190                RingAdd
 .text.RingGetNBytes
                0x00000000080051cc       0x54 ./MODBUS-LIB/Src/Modbus.o
                0x00000000080051cc                RingGetNBytes
 .text.RingGetAllBytes
                0x0000000008005220        0x8 ./MODBUS-LIB/Src/Modbus.o
                0x0000000008005220                RingGetAllBytes
 .text.getRxBuffer
                0x0000000008005228       0x62 ./MODBUS-LIB/Src/Modbus.o
 *fill*         0x000000000800528a        0x2 
 .text.ModbusInit
                0x000000000800528c       0xec ./MODBUS-LIB/Src/Modbus.o
                0x000000000800528c                ModbusInit
 .text.ModbusStart
                0x0000000008005378       0x98 ./MODBUS-LIB/Src/Modbus.o
                0x0000000008005378                ModbusStart
 .text.calcCRC  0x0000000008005410       0x36 ./MODBUS-LIB/Src/Modbus.o
                0x0000000008005410                calcCRC
 .text.sendTxBuffer
                0x0000000008005446       0xaa ./MODBUS-LIB/Src/Modbus.o
 .text.StartTaskModbusSlave
                0x00000000080054f0      0x4d8 ./MODBUS-LIB/Src/Modbus.o
                0x00000000080054f0                StartTaskModbusSlave
 .text.StartTaskModbusMaster
                0x00000000080059c8      0x30c ./MODBUS-LIB/Src/Modbus.o
                0x00000000080059c8                StartTaskModbusMaster
 .text.HAL_UART_TxCpltCallback
                0x0000000008005cd4       0x58 ./MODBUS-LIB/Src/UARTCallback.o
                0x0000000008005cd4                HAL_UART_TxCpltCallback
 .text.HAL_UART_RxCpltCallback
                0x0000000008005d2c       0x88 ./MODBUS-LIB/Src/UARTCallback.o
                0x0000000008005d2c                HAL_UART_RxCpltCallback
 .text.HAL_UART_ErrorCallback
                0x0000000008005db4       0x5c ./MODBUS-LIB/Src/UARTCallback.o
                0x0000000008005db4                HAL_UART_ErrorCallback
 .text.HAL_UARTEx_RxEventCallback
                0x0000000008005e10       0xa0 ./MODBUS-LIB/Src/UARTCallback.o
                0x0000000008005e10                HAL_UARTEx_RxEventCallback
 .text.USBD_CDC_EP0_RxReady
                0x0000000008005eb0       0x36 ./Middlewares/ST/STM32_USB_Device_Library/Class/CDC/Src/usbd_cdc.o
 *fill*         0x0000000008005ee6        0x2 
 .text.USBD_CDC_GetDeviceQualifierDescriptor
                0x0000000008005ee8        0xc ./Middlewares/ST/STM32_USB_Device_Library/Class/CDC/Src/usbd_cdc.o
                0x0000000008005ee8                USBD_CDC_GetDeviceQualifierDescriptor
 .text.USBD_CDC_GetFSCfgDesc
                0x0000000008005ef4       0x48 ./Middlewares/ST/STM32_USB_Device_Library/Class/CDC/Src/usbd_cdc.o
 .text.USBD_CDC_GetOtherSpeedCfgDesc
                0x0000000008005f3c        0x4 ./Middlewares/ST/STM32_USB_Device_Library/Class/CDC/Src/usbd_cdc.o
 .text.USBD_CDC_GetHSCfgDesc
                0x0000000008005f40       0x48 ./Middlewares/ST/STM32_USB_Device_Library/Class/CDC/Src/usbd_cdc.o
 .text.USBD_CDC_DataOut
                0x0000000008005f88       0x38 ./Middlewares/ST/STM32_USB_Device_Library/Class/CDC/Src/usbd_cdc.o
 .text.USBD_CDC_DataIn
                0x0000000008005fc0       0x68 ./Middlewares/ST/STM32_USB_Device_Library/Class/CDC/Src/usbd_cdc.o
 .text.USBD_CDC_Setup
                0x0000000008006028      0x108 ./Middlewares/ST/STM32_USB_Device_Library/Class/CDC/Src/usbd_cdc.o
 .text.USBD_CDC_DeInit
                0x0000000008006130       0x5a ./Middlewares/ST/STM32_USB_Device_Library/Class/CDC/Src/usbd_cdc.o
 .text.USBD_CDC_Init
                0x000000000800618a       0xd2 ./Middlewares/ST/STM32_USB_Device_Library/Class/CDC/Src/usbd_cdc.o
 .text.USBD_CDC_RegisterInterface
                0x000000000800625c       0x16 ./Middlewares/ST/STM32_USB_Device_Library/Class/CDC/Src/usbd_cdc.o
                0x000000000800625c                USBD_CDC_RegisterInterface
 .text.USBD_CDC_SetTxBuffer
                0x0000000008006272       0x1c ./Middlewares/ST/STM32_USB_Device_Library/Class/CDC/Src/usbd_cdc.o
                0x0000000008006272                USBD_CDC_SetTxBuffer
 .text.USBD_CDC_SetRxBuffer
                0x000000000800628e       0x18 ./Middlewares/ST/STM32_USB_Device_Library/Class/CDC/Src/usbd_cdc.o
                0x000000000800628e                USBD_CDC_SetRxBuffer
 .text.USBD_CDC_TransmitPacket
                0x00000000080062a6       0x36 ./Middlewares/ST/STM32_USB_Device_Library/Class/CDC/Src/usbd_cdc.o
                0x00000000080062a6                USBD_CDC_TransmitPacket
 .text.USBD_CDC_ReceivePacket
                0x00000000080062dc       0x34 ./Middlewares/ST/STM32_USB_Device_Library/Class/CDC/Src/usbd_cdc.o
                0x00000000080062dc                USBD_CDC_ReceivePacket
 .text.USBD_Init
                0x0000000008006310       0x26 ./Middlewares/ST/STM32_USB_Device_Library/Core/Src/usbd_core.o
                0x0000000008006310                USBD_Init
 .text.USBD_RegisterClass
                0x0000000008006336       0x32 ./Middlewares/ST/STM32_USB_Device_Library/Core/Src/usbd_core.o
                0x0000000008006336                USBD_RegisterClass
 .text.USBD_Start
                0x0000000008006368        0x4 ./Middlewares/ST/STM32_USB_Device_Library/Core/Src/usbd_core.o
                0x0000000008006368                USBD_Start
 .text.USBD_SetClassConfig
                0x000000000800636c        0xe ./Middlewares/ST/STM32_USB_Device_Library/Core/Src/usbd_core.o
                0x000000000800636c                USBD_SetClassConfig
 .text.USBD_ClrClassConfig
                0x000000000800637a       0x12 ./Middlewares/ST/STM32_USB_Device_Library/Core/Src/usbd_core.o
                0x000000000800637a                USBD_ClrClassConfig
 .text.USBD_LL_SetupStage
                0x000000000800638c       0x60 ./Middlewares/ST/STM32_USB_Device_Library/Core/Src/usbd_core.o
                0x000000000800638c                USBD_LL_SetupStage
 .text.USBD_LL_DataOutStage
                0x00000000080063ec       0x6a ./Middlewares/ST/STM32_USB_Device_Library/Core/Src/usbd_core.o
                0x00000000080063ec                USBD_LL_DataOutStage
 .text.USBD_LL_DataInStage
                0x0000000008006456       0xae ./Middlewares/ST/STM32_USB_Device_Library/Core/Src/usbd_core.o
                0x0000000008006456                USBD_LL_DataInStage
 .text.USBD_LL_Reset
                0x0000000008006504       0x5e ./Middlewares/ST/STM32_USB_Device_Library/Core/Src/usbd_core.o
                0x0000000008006504                USBD_LL_Reset
 .text.USBD_LL_SetSpeed
                0x0000000008006562        0x6 ./Middlewares/ST/STM32_USB_Device_Library/Core/Src/usbd_core.o
                0x0000000008006562                USBD_LL_SetSpeed
 .text.USBD_LL_Suspend
                0x0000000008006568       0x14 ./Middlewares/ST/STM32_USB_Device_Library/Core/Src/usbd_core.o
                0x0000000008006568                USBD_LL_Suspend
 .text.USBD_LL_Resume
                0x000000000800657c       0x16 ./Middlewares/ST/STM32_USB_Device_Library/Core/Src/usbd_core.o
                0x000000000800657c                USBD_LL_Resume
 .text.USBD_LL_SOF
                0x0000000008006592       0x1a ./Middlewares/ST/STM32_USB_Device_Library/Core/Src/usbd_core.o
                0x0000000008006592                USBD_LL_SOF
 .text.USBD_LL_IsoINIncomplete
                0x00000000080065ac       0x28 ./Middlewares/ST/STM32_USB_Device_Library/Core/Src/usbd_core.o
                0x00000000080065ac                USBD_LL_IsoINIncomplete
 .text.USBD_LL_IsoOUTIncomplete
                0x00000000080065d4       0x28 ./Middlewares/ST/STM32_USB_Device_Library/Core/Src/usbd_core.o
                0x00000000080065d4                USBD_LL_IsoOUTIncomplete
 .text.USBD_LL_DevConnected
                0x00000000080065fc        0x4 ./Middlewares/ST/STM32_USB_Device_Library/Core/Src/usbd_core.o
                0x00000000080065fc                USBD_LL_DevConnected
 .text.USBD_LL_DevDisconnected
                0x0000000008006600       0x20 ./Middlewares/ST/STM32_USB_Device_Library/Core/Src/usbd_core.o
                0x0000000008006600                USBD_LL_DevDisconnected
 .text.USBD_CoreFindIF
                0x0000000008006620        0x4 ./Middlewares/ST/STM32_USB_Device_Library/Core/Src/usbd_core.o
                0x0000000008006620                USBD_CoreFindIF
 .text.USBD_CoreFindEP
                0x0000000008006624        0x4 ./Middlewares/ST/STM32_USB_Device_Library/Core/Src/usbd_core.o
                0x0000000008006624                USBD_CoreFindEP
 .text.USBD_GetEpDesc
                0x0000000008006628       0x24 ./Middlewares/ST/STM32_USB_Device_Library/Core/Src/usbd_core.o
                0x0000000008006628                USBD_GetEpDesc
 .text.USBD_CtlError.constprop.0
                0x000000000800664c       0x16 ./Middlewares/ST/STM32_USB_Device_Library/Core/Src/usbd_ctlreq.o
 *fill*         0x0000000008006662        0x2 
 .text.USBD_StdDevReq
                0x0000000008006664      0x2ac ./Middlewares/ST/STM32_USB_Device_Library/Core/Src/usbd_ctlreq.o
                0x0000000008006664                USBD_StdDevReq
 .text.USBD_StdItfReq
                0x0000000008006910       0x5e ./Middlewares/ST/STM32_USB_Device_Library/Core/Src/usbd_ctlreq.o
                0x0000000008006910                USBD_StdItfReq
 .text.USBD_StdEPReq
                0x000000000800696e      0x13c ./Middlewares/ST/STM32_USB_Device_Library/Core/Src/usbd_ctlreq.o
                0x000000000800696e                USBD_StdEPReq
 .text.USBD_ParseSetupRequest
                0x0000000008006aaa       0x16 ./Middlewares/ST/STM32_USB_Device_Library/Core/Src/usbd_ctlreq.o
                0x0000000008006aaa                USBD_ParseSetupRequest
 .text.USBD_CtlError
                0x0000000008006ac0       0x16 ./Middlewares/ST/STM32_USB_Device_Library/Core/Src/usbd_ctlreq.o
                0x0000000008006ac0                USBD_CtlError
 .text.USBD_GetString
                0x0000000008006ad6       0x38 ./Middlewares/ST/STM32_USB_Device_Library/Core/Src/usbd_ctlreq.o
                0x0000000008006ad6                USBD_GetString
 .text.USBD_CtlSendData
                0x0000000008006b0e       0x1a ./Middlewares/ST/STM32_USB_Device_Library/Core/Src/usbd_ioreq.o
                0x0000000008006b0e                USBD_CtlSendData
 .text.USBD_CtlContinueSendData
                0x0000000008006b28       0x10 ./Middlewares/ST/STM32_USB_Device_Library/Core/Src/usbd_ioreq.o
                0x0000000008006b28                USBD_CtlContinueSendData
 .text.USBD_CtlPrepareRx
                0x0000000008006b38       0x1a ./Middlewares/ST/STM32_USB_Device_Library/Core/Src/usbd_ioreq.o
                0x0000000008006b38                USBD_CtlPrepareRx
 .text.USBD_CtlContinueRx
                0x0000000008006b52       0x10 ./Middlewares/ST/STM32_USB_Device_Library/Core/Src/usbd_ioreq.o
                0x0000000008006b52                USBD_CtlContinueRx
 .text.USBD_CtlSendStatus
                0x0000000008006b62       0x16 ./Middlewares/ST/STM32_USB_Device_Library/Core/Src/usbd_ioreq.o
                0x0000000008006b62                USBD_CtlSendStatus
 .text.USBD_CtlReceiveStatus
                0x0000000008006b78       0x16 ./Middlewares/ST/STM32_USB_Device_Library/Core/Src/usbd_ioreq.o
                0x0000000008006b78                USBD_CtlReceiveStatus
 .text.SysTick_Handler
                0x0000000008006b8e       0x1a ./Middlewares/Third_Party/FreeRTOS/Source/CMSIS_RTOS_V2/cmsis_os2.o
                0x0000000008006b8e                SysTick_Handler
 .text.osKernelInitialize
                0x0000000008006ba8       0x24 ./Middlewares/Third_Party/FreeRTOS/Source/CMSIS_RTOS_V2/cmsis_os2.o
                0x0000000008006ba8                osKernelInitialize
 .text.osKernelStart
                0x0000000008006bcc       0x34 ./Middlewares/Third_Party/FreeRTOS/Source/CMSIS_RTOS_V2/cmsis_os2.o
                0x0000000008006bcc                osKernelStart
 .text.osThreadNew
                0x0000000008006c00       0x92 ./Middlewares/Third_Party/FreeRTOS/Source/CMSIS_RTOS_V2/cmsis_os2.o
                0x0000000008006c00                osThreadNew
 .text.osDelay  0x0000000008006c92       0x18 ./Middlewares/Third_Party/FreeRTOS/Source/CMSIS_RTOS_V2/cmsis_os2.o
                0x0000000008006c92                osDelay
 .text.osSemaphoreNew
                0x0000000008006caa       0x94 ./Middlewares/Third_Party/FreeRTOS/Source/CMSIS_RTOS_V2/cmsis_os2.o
                0x0000000008006caa                osSemaphoreNew
 .text.osSemaphoreAcquire
                0x0000000008006d3e       0x56 ./Middlewares/Third_Party/FreeRTOS/Source/CMSIS_RTOS_V2/cmsis_os2.o
                0x0000000008006d3e                osSemaphoreAcquire
 .text.osSemaphoreRelease
                0x0000000008006d94       0x50 ./Middlewares/Third_Party/FreeRTOS/Source/CMSIS_RTOS_V2/cmsis_os2.o
                0x0000000008006d94                osSemaphoreRelease
 .text.osMessageQueueNew
                0x0000000008006de4       0x76 ./Middlewares/Third_Party/FreeRTOS/Source/CMSIS_RTOS_V2/cmsis_os2.o
                0x0000000008006de4                osMessageQueueNew
 *fill*         0x0000000008006e5a        0x2 
 .text.vApplicationGetIdleTaskMemory
                0x0000000008006e5c       0x18 ./Middlewares/Third_Party/FreeRTOS/Source/CMSIS_RTOS_V2/cmsis_os2.o
                0x0000000008006e5c                vApplicationGetIdleTaskMemory
 .text.vApplicationGetTimerTaskMemory
                0x0000000008006e74       0x18 ./Middlewares/Third_Party/FreeRTOS/Source/CMSIS_RTOS_V2/cmsis_os2.o
                0x0000000008006e74                vApplicationGetTimerTaskMemory
 .text.vListInitialise
                0x0000000008006e8c       0x16 ./Middlewares/Third_Party/FreeRTOS/Source/list.o
                0x0000000008006e8c                vListInitialise
 .text.vListInitialiseItem
                0x0000000008006ea2        0x6 ./Middlewares/Third_Party/FreeRTOS/Source/list.o
                0x0000000008006ea2                vListInitialiseItem
 .text.vListInsertEnd
                0x0000000008006ea8       0x18 ./Middlewares/Third_Party/FreeRTOS/Source/list.o
                0x0000000008006ea8                vListInsertEnd
 .text.vListInsert
                0x0000000008006ec0       0x2e ./Middlewares/Third_Party/FreeRTOS/Source/list.o
                0x0000000008006ec0                vListInsert
 .text.uxListRemove
                0x0000000008006eee       0x20 ./Middlewares/Third_Party/FreeRTOS/Source/list.o
                0x0000000008006eee                uxListRemove
 .text.prvIsQueueEmpty
                0x0000000008006f0e       0x16 ./Middlewares/Third_Party/FreeRTOS/Source/queue.o
 .text.prvCopyDataToQueue
                0x0000000008006f24       0x6a ./Middlewares/Third_Party/FreeRTOS/Source/queue.o
 .text.prvCopyDataFromQueue
                0x0000000008006f8e       0x2c ./Middlewares/Third_Party/FreeRTOS/Source/queue.o
 .text.prvUnlockQueue
                0x0000000008006fba       0x70 ./Middlewares/Third_Party/FreeRTOS/Source/queue.o
 .text.xQueueGenericReset
                0x000000000800702a       0x7e ./Middlewares/Third_Party/FreeRTOS/Source/queue.o
                0x000000000800702a                xQueueGenericReset
 .text.xQueueGenericCreateStatic
                0x00000000080070a8       0x9c ./Middlewares/Third_Party/FreeRTOS/Source/queue.o
                0x00000000080070a8                xQueueGenericCreateStatic
 .text.xQueueGenericCreate
                0x0000000008007144       0x4e ./Middlewares/Third_Party/FreeRTOS/Source/queue.o
                0x0000000008007144                xQueueGenericCreate
 .text.xQueueCreateCountingSemaphoreStatic
                0x0000000008007192       0x44 ./Middlewares/Third_Party/FreeRTOS/Source/queue.o
                0x0000000008007192                xQueueCreateCountingSemaphoreStatic
 .text.xQueueCreateCountingSemaphore
                0x00000000080071d6       0x3c ./Middlewares/Third_Party/FreeRTOS/Source/queue.o
                0x00000000080071d6                xQueueCreateCountingSemaphore
 .text.xQueueGenericSend
                0x0000000008007212      0x166 ./Middlewares/Third_Party/FreeRTOS/Source/queue.o
                0x0000000008007212                xQueueGenericSend
 .text.xQueueGenericSendFromISR
                0x0000000008007378       0xc4 ./Middlewares/Third_Party/FreeRTOS/Source/queue.o
                0x0000000008007378                xQueueGenericSendFromISR
 .text.xQueueGiveFromISR
                0x000000000800743c       0xa8 ./Middlewares/Third_Party/FreeRTOS/Source/queue.o
                0x000000000800743c                xQueueGiveFromISR
 .text.xQueueReceive
                0x00000000080074e4      0x13e ./Middlewares/Third_Party/FreeRTOS/Source/queue.o
                0x00000000080074e4                xQueueReceive
 .text.xQueueSemaphoreTake
                0x0000000008007622      0x186 ./Middlewares/Third_Party/FreeRTOS/Source/queue.o
                0x0000000008007622                xQueueSemaphoreTake
 .text.xQueueReceiveFromISR
                0x00000000080077a8       0x9e ./Middlewares/Third_Party/FreeRTOS/Source/queue.o
                0x00000000080077a8                xQueueReceiveFromISR
 *fill*         0x0000000008007846        0x2 
 .text.vQueueAddToRegistry
                0x0000000008007848       0x24 ./Middlewares/Third_Party/FreeRTOS/Source/queue.o
                0x0000000008007848                vQueueAddToRegistry
 .text.vQueueUnregisterQueue
                0x000000000800786c       0x28 ./Middlewares/Third_Party/FreeRTOS/Source/queue.o
                0x000000000800786c                vQueueUnregisterQueue
 .text.vQueueDelete
                0x0000000008007894       0x2e ./Middlewares/Third_Party/FreeRTOS/Source/queue.o
                0x0000000008007894                vQueueDelete
 .text.vQueueWaitForMessageRestricted
                0x00000000080078c2       0x46 ./Middlewares/Third_Party/FreeRTOS/Source/queue.o
                0x00000000080078c2                vQueueWaitForMessageRestricted
 .text.prvAddNewTaskToReadyList
                0x0000000008007908      0x100 ./Middlewares/Third_Party/FreeRTOS/Source/tasks.o
 .text.prvAddCurrentTaskToDelayedList
                0x0000000008007a08       0x70 ./Middlewares/Third_Party/FreeRTOS/Source/tasks.o
 .text.prvResetNextTaskUnblockTime
                0x0000000008007a78       0x24 ./Middlewares/Third_Party/FreeRTOS/Source/tasks.o
 .text.prvDeleteTCB
                0x0000000008007a9c       0x36 ./Middlewares/Third_Party/FreeRTOS/Source/tasks.o
 *fill*         0x0000000008007ad2        0x2 
 .text.prvIdleTask
                0x0000000008007ad4       0x60 ./Middlewares/Third_Party/FreeRTOS/Source/tasks.o
 .text.prvInitialiseNewTask.constprop.0
                0x0000000008007b34       0x9a ./Middlewares/Third_Party/FreeRTOS/Source/tasks.o
 .text.xTaskCreateStatic
                0x0000000008007bce       0x70 ./Middlewares/Third_Party/FreeRTOS/Source/tasks.o
                0x0000000008007bce                xTaskCreateStatic
 .text.xTaskCreate
                0x0000000008007c3e       0x5a ./Middlewares/Third_Party/FreeRTOS/Source/tasks.o
                0x0000000008007c3e                xTaskCreate
 .text.vTaskStartScheduler
                0x0000000008007c98       0x8c ./Middlewares/Third_Party/FreeRTOS/Source/tasks.o
                0x0000000008007c98                vTaskStartScheduler
 .text.vTaskSuspendAll
                0x0000000008007d24       0x10 ./Middlewares/Third_Party/FreeRTOS/Source/tasks.o
                0x0000000008007d24                vTaskSuspendAll
 .text.xTaskGetTickCount
                0x0000000008007d34        0xc ./Middlewares/Third_Party/FreeRTOS/Source/tasks.o
                0x0000000008007d34                xTaskGetTickCount
 .text.xTaskGetTickCountFromISR
                0x0000000008007d40       0x10 ./Middlewares/Third_Party/FreeRTOS/Source/tasks.o
                0x0000000008007d40                xTaskGetTickCountFromISR
 .text.xTaskIncrementTick
                0x0000000008007d50      0x12c ./Middlewares/Third_Party/FreeRTOS/Source/tasks.o
                0x0000000008007d50                xTaskIncrementTick
 .text.xTaskResumeAll
                0x0000000008007e7c       0xe8 ./Middlewares/Third_Party/FreeRTOS/Source/tasks.o
                0x0000000008007e7c                xTaskResumeAll
 .text.vTaskDelay
                0x0000000008007f64       0x48 ./Middlewares/Third_Party/FreeRTOS/Source/tasks.o
                0x0000000008007f64                vTaskDelay
 .text.vTaskSwitchContext
                0x0000000008007fac       0x74 ./Middlewares/Third_Party/FreeRTOS/Source/tasks.o
                0x0000000008007fac                vTaskSwitchContext
 .text.vTaskPlaceOnEventList
                0x0000000008008020       0x34 ./Middlewares/Third_Party/FreeRTOS/Source/tasks.o
                0x0000000008008020                vTaskPlaceOnEventList
 .text.vTaskPlaceOnEventListRestricted
                0x0000000008008054       0x3c ./Middlewares/Third_Party/FreeRTOS/Source/tasks.o
                0x0000000008008054                vTaskPlaceOnEventListRestricted
 .text.xTaskRemoveFromEventList
                0x0000000008008090       0x88 ./Middlewares/Third_Party/FreeRTOS/Source/tasks.o
                0x0000000008008090                xTaskRemoveFromEventList
 .text.vTaskInternalSetTimeOutState
                0x0000000008008118       0x18 ./Middlewares/Third_Party/FreeRTOS/Source/tasks.o
                0x0000000008008118                vTaskInternalSetTimeOutState
 .text.xTaskCheckForTimeOut
                0x0000000008008130       0x78 ./Middlewares/Third_Party/FreeRTOS/Source/tasks.o
                0x0000000008008130                xTaskCheckForTimeOut
 .text.vTaskMissedYield
                0x00000000080081a8        0xc ./Middlewares/Third_Party/FreeRTOS/Source/tasks.o
                0x00000000080081a8                vTaskMissedYield
 .text.xTaskGetSchedulerState
                0x00000000080081b4       0x20 ./Middlewares/Third_Party/FreeRTOS/Source/tasks.o
                0x00000000080081b4                xTaskGetSchedulerState
 .text.xTaskPriorityInherit
                0x00000000080081d4       0x84 ./Middlewares/Third_Party/FreeRTOS/Source/tasks.o
                0x00000000080081d4                xTaskPriorityInherit
 .text.xTaskPriorityDisinherit
                0x0000000008008258       0x88 ./Middlewares/Third_Party/FreeRTOS/Source/tasks.o
                0x0000000008008258                xTaskPriorityDisinherit
 .text.vTaskPriorityDisinheritAfterTimeout
                0x00000000080082e0       0xa4 ./Middlewares/Third_Party/FreeRTOS/Source/tasks.o
                0x00000000080082e0                vTaskPriorityDisinheritAfterTimeout
 .text.pvTaskIncrementMutexHeldCount
                0x0000000008008384       0x18 ./Middlewares/Third_Party/FreeRTOS/Source/tasks.o
                0x0000000008008384                pvTaskIncrementMutexHeldCount
 .text.ulTaskNotifyTake
                0x000000000800839c       0x64 ./Middlewares/Third_Party/FreeRTOS/Source/tasks.o
                0x000000000800839c                ulTaskNotifyTake
 .text.xTaskGenericNotify
                0x0000000008008400       0xe8 ./Middlewares/Third_Party/FreeRTOS/Source/tasks.o
                0x0000000008008400                xTaskGenericNotify
 .text.xTaskGenericNotifyFromISR
                0x00000000080084e8      0x118 ./Middlewares/Third_Party/FreeRTOS/Source/tasks.o
                0x00000000080084e8                xTaskGenericNotifyFromISR
 .text.prvCheckForValidListAndQueue
                0x0000000008008600       0x68 ./Middlewares/Third_Party/FreeRTOS/Source/timers.o
 .text.prvInsertTimerInActiveList
                0x0000000008008668       0x3c ./Middlewares/Third_Party/FreeRTOS/Source/timers.o
 .text.prvInitialiseNewTimer
                0x00000000080086a4       0x4c ./Middlewares/Third_Party/FreeRTOS/Source/timers.o
 .text.xTimerCreateTimerTask
                0x00000000080086f0       0x64 ./Middlewares/Third_Party/FreeRTOS/Source/timers.o
                0x00000000080086f0                xTimerCreateTimerTask
 .text.xTimerCreate
                0x0000000008008754       0x34 ./Middlewares/Third_Party/FreeRTOS/Source/timers.o
                0x0000000008008754                xTimerCreate
 .text.xTimerGenericCommand
                0x0000000008008788       0x58 ./Middlewares/Third_Party/FreeRTOS/Source/timers.o
                0x0000000008008788                xTimerGenericCommand
 .text.prvSampleTimeNow
                0x00000000080087e0       0xac ./Middlewares/Third_Party/FreeRTOS/Source/timers.o
 .text.prvTimerTask
                0x000000000800888c      0x1cc ./Middlewares/Third_Party/FreeRTOS/Source/timers.o
 .text.prvPortStartFirstTask
                0x0000000008008a58       0x28 ./Middlewares/Third_Party/FreeRTOS/Source/portable/GCC/ARM_CM4F/port.o
 .text.vPortEnableVFP
                0x0000000008008a80       0x14 ./Middlewares/Third_Party/FreeRTOS/Source/portable/GCC/ARM_CM4F/port.o
 .text.prvTaskExitError
                0x0000000008008a94       0x40 ./Middlewares/Third_Party/FreeRTOS/Source/portable/GCC/ARM_CM4F/port.o
 .text.pxPortInitialiseStack
                0x0000000008008ad4       0x2c ./Middlewares/Third_Party/FreeRTOS/Source/portable/GCC/ARM_CM4F/port.o
                0x0000000008008ad4                pxPortInitialiseStack
 .text.SVC_Handler
                0x0000000008008b00       0x24 ./Middlewares/Third_Party/FreeRTOS/Source/portable/GCC/ARM_CM4F/port.o
                0x0000000008008b00                SVC_Handler
 .text.vPortEnterCritical
                0x0000000008008b24       0x40 ./Middlewares/Third_Party/FreeRTOS/Source/portable/GCC/ARM_CM4F/port.o
                0x0000000008008b24                vPortEnterCritical
 .text.vPortExitCritical
                0x0000000008008b64       0x28 ./Middlewares/Third_Party/FreeRTOS/Source/portable/GCC/ARM_CM4F/port.o
                0x0000000008008b64                vPortExitCritical
 *fill*         0x0000000008008b8c        0x4 
 .text.PendSV_Handler
                0x0000000008008b90       0x64 ./Middlewares/Third_Party/FreeRTOS/Source/portable/GCC/ARM_CM4F/port.o
                0x0000000008008b90                PendSV_Handler
 .text.xPortSysTickHandler
                0x0000000008008bf4       0x2c ./Middlewares/Third_Party/FreeRTOS/Source/portable/GCC/ARM_CM4F/port.o
                0x0000000008008bf4                xPortSysTickHandler
 .text.vPortSetupTimerInterrupt
                0x0000000008008c20       0x24 ./Middlewares/Third_Party/FreeRTOS/Source/portable/GCC/ARM_CM4F/port.o
                0x0000000008008c20                vPortSetupTimerInterrupt
 .text.xPortStartScheduler
                0x0000000008008c44      0x10c ./Middlewares/Third_Party/FreeRTOS/Source/portable/GCC/ARM_CM4F/port.o
                0x0000000008008c44                xPortStartScheduler
 .text.vPortValidateInterruptPriority
                0x0000000008008d50       0x5c ./Middlewares/Third_Party/FreeRTOS/Source/portable/GCC/ARM_CM4F/port.o
                0x0000000008008d50                vPortValidateInterruptPriority
 .text.prvInsertBlockIntoFreeList
                0x0000000008008dac       0x48 ./Middlewares/Third_Party/FreeRTOS/Source/portable/MemMang/heap_4.o
 .text.pvPortMalloc
                0x0000000008008df4      0x130 ./Middlewares/Third_Party/FreeRTOS/Source/portable/MemMang/heap_4.o
                0x0000000008008df4                pvPortMalloc
 .text.vPortFree
                0x0000000008008f24       0x7c ./Middlewares/Third_Party/FreeRTOS/Source/portable/MemMang/heap_4.o
                0x0000000008008f24                vPortFree
 .text.MX_USB_DEVICE_Init
                0x0000000008008fa0       0x50 ./USB_DEVICE/App/usb_device.o
                0x0000000008008fa0                MX_USB_DEVICE_Init
 .text.CDC_DeInit_FS
                0x0000000008008ff0        0x4 ./USB_DEVICE/App/usbd_cdc_if.o
 .text.CDC_Control_FS
                0x0000000008008ff4        0x4 ./USB_DEVICE/App/usbd_cdc_if.o
 .text.CDC_TransmitCplt_FS
                0x0000000008008ff8        0x4 ./USB_DEVICE/App/usbd_cdc_if.o
 .text.CDC_Receive_FS
                0x0000000008008ffc       0x1c ./USB_DEVICE/App/usbd_cdc_if.o
 .text.CDC_Init_FS
                0x0000000008009018       0x28 ./USB_DEVICE/App/usbd_cdc_if.o
 .text.CDC_Transmit_FS
                0x0000000008009040       0x2c ./USB_DEVICE/App/usbd_cdc_if.o
                0x0000000008009040                CDC_Transmit_FS
 .text.USBD_FS_DeviceDescriptor
                0x000000000800906c        0xc ./USB_DEVICE/App/usbd_desc.o
                0x000000000800906c                USBD_FS_DeviceDescriptor
 .text.USBD_FS_LangIDStrDescriptor
                0x0000000008009078        0xc ./USB_DEVICE/App/usbd_desc.o
                0x0000000008009078                USBD_FS_LangIDStrDescriptor
 .text.IntToUnicode
                0x0000000008009084       0x2a ./USB_DEVICE/App/usbd_desc.o
 *fill*         0x00000000080090ae        0x2 
 .text.USBD_FS_SerialStrDescriptor
                0x00000000080090b0       0x3c ./USB_DEVICE/App/usbd_desc.o
                0x00000000080090b0                USBD_FS_SerialStrDescriptor
 .text.USBD_FS_ManufacturerStrDescriptor
                0x00000000080090ec       0x1c ./USB_DEVICE/App/usbd_desc.o
                0x00000000080090ec                USBD_FS_ManufacturerStrDescriptor
 .text.USBD_FS_ProductStrDescriptor
                0x0000000008009108       0x1c ./USB_DEVICE/App/usbd_desc.o
                0x0000000008009108                USBD_FS_ProductStrDescriptor
 .text.USBD_FS_ConfigStrDescriptor
                0x0000000008009124       0x1c ./USB_DEVICE/App/usbd_desc.o
                0x0000000008009124                USBD_FS_ConfigStrDescriptor
 .text.USBD_FS_InterfaceStrDescriptor
                0x0000000008009140       0x1c ./USB_DEVICE/App/usbd_desc.o
                0x0000000008009140                USBD_FS_InterfaceStrDescriptor
 .text.HAL_PCD_MspInit
                0x000000000800915c       0x84 ./USB_DEVICE/Target/usbd_conf.o
                0x000000000800915c                HAL_PCD_MspInit
 .text.HAL_PCD_SetupStageCallback
                0x00000000080091e0        0xc ./USB_DEVICE/Target/usbd_conf.o
                0x00000000080091e0                HAL_PCD_SetupStageCallback
 .text.HAL_PCD_DataOutStageCallback
                0x00000000080091ec       0x12 ./USB_DEVICE/Target/usbd_conf.o
                0x00000000080091ec                HAL_PCD_DataOutStageCallback
 .text.HAL_PCD_DataInStageCallback
                0x00000000080091fe       0x10 ./USB_DEVICE/Target/usbd_conf.o
                0x00000000080091fe                HAL_PCD_DataInStageCallback
 .text.HAL_PCD_SOFCallback
                0x000000000800920e        0x8 ./USB_DEVICE/Target/usbd_conf.o
                0x000000000800920e                HAL_PCD_SOFCallback
 .text.HAL_PCD_ResetCallback
                0x0000000008009216       0x26 ./USB_DEVICE/Target/usbd_conf.o
                0x0000000008009216                HAL_PCD_ResetCallback
 .text.HAL_PCD_SuspendCallback
                0x000000000800923c       0x30 ./USB_DEVICE/Target/usbd_conf.o
                0x000000000800923c                HAL_PCD_SuspendCallback
 .text.HAL_PCD_ResumeCallback
                0x000000000800926c        0x8 ./USB_DEVICE/Target/usbd_conf.o
                0x000000000800926c                HAL_PCD_ResumeCallback
 .text.HAL_PCD_ISOOUTIncompleteCallback
                0x0000000008009274        0x8 ./USB_DEVICE/Target/usbd_conf.o
                0x0000000008009274                HAL_PCD_ISOOUTIncompleteCallback
 .text.HAL_PCD_ISOINIncompleteCallback
                0x000000000800927c        0x8 ./USB_DEVICE/Target/usbd_conf.o
                0x000000000800927c                HAL_PCD_ISOINIncompleteCallback
 .text.HAL_PCD_ConnectCallback
                0x0000000008009284        0x8 ./USB_DEVICE/Target/usbd_conf.o
                0x0000000008009284                HAL_PCD_ConnectCallback
 .text.HAL_PCD_DisconnectCallback
                0x000000000800928c        0x8 ./USB_DEVICE/Target/usbd_conf.o
                0x000000000800928c                HAL_PCD_DisconnectCallback
 .text.USBD_LL_Init
                0x0000000008009294       0x5c ./USB_DEVICE/Target/usbd_conf.o
                0x0000000008009294                USBD_LL_Init
 .text.USBD_LL_IsStallEP
                0x00000000080092f0       0x26 ./USB_DEVICE/Target/usbd_conf.o
                0x00000000080092f0                USBD_LL_IsStallEP
 .text.USBD_LL_GetRxDataSize
                0x0000000008009316        0x8 ./USB_DEVICE/Target/usbd_conf.o
                0x0000000008009316                USBD_LL_GetRxDataSize
 *fill*         0x000000000800931e        0x2 
 .text.USBD_static_malloc
                0x0000000008009320        0x8 ./USB_DEVICE/Target/usbd_conf.o
                0x0000000008009320                USBD_static_malloc
 .text.USBD_static_free
                0x0000000008009328        0x2 ./USB_DEVICE/Target/usbd_conf.o
                0x0000000008009328                USBD_static_free
 *fill*         0x000000000800932a        0x2 
 .text.USBD_Get_USB_Status
                0x000000000800932c       0x10 ./USB_DEVICE/Target/usbd_conf.o
                0x000000000800932c                USBD_Get_USB_Status
 .text.USBD_LL_Start
                0x000000000800933c       0x12 ./USB_DEVICE/Target/usbd_conf.o
                0x000000000800933c                USBD_LL_Start
 .text.USBD_LL_OpenEP
                0x000000000800934e       0x18 ./USB_DEVICE/Target/usbd_conf.o
                0x000000000800934e                USBD_LL_OpenEP
 .text.USBD_LL_CloseEP
                0x0000000008009366       0x12 ./USB_DEVICE/Target/usbd_conf.o
                0x0000000008009366                USBD_LL_CloseEP
 .text.USBD_LL_StallEP
                0x0000000008009378       0x12 ./USB_DEVICE/Target/usbd_conf.o
                0x0000000008009378                USBD_LL_StallEP
 .text.USBD_LL_ClearStallEP
                0x000000000800938a       0x12 ./USB_DEVICE/Target/usbd_conf.o
                0x000000000800938a                USBD_LL_ClearStallEP
 .text.USBD_LL_SetUSBAddress
                0x000000000800939c       0x12 ./USB_DEVICE/Target/usbd_conf.o
                0x000000000800939c                USBD_LL_SetUSBAddress
 .text.USBD_LL_Transmit
                0x00000000080093ae       0x12 ./USB_DEVICE/Target/usbd_conf.o
                0x00000000080093ae                USBD_LL_Transmit
 .text.USBD_LL_PrepareReceive
                0x00000000080093c0       0x12 ./USB_DEVICE/Target/usbd_conf.o
                0x00000000080093c0                USBD_LL_PrepareReceive
 *fill*         0x00000000080093d2        0x2 
 .text._ZN6BME280C2Ev
                0x00000000080093d4       0x28 ./sparkfunBME280STM32/src/SparkFunBME280.o
                0x00000000080093d4                BME280::BME280()
                0x00000000080093d4                BME280::BME280()
 .text._ZN6BME28018readRegisterRegionEPhhh
                0x00000000080093fc       0x60 ./sparkfunBME280STM32/src/SparkFunBME280.o
                0x00000000080093fc                BME280::readRegisterRegion(unsigned char*, unsigned char, unsigned char)
 .text._ZN6BME28012readRegisterEh
                0x000000000800945c       0x22 ./sparkfunBME280STM32/src/SparkFunBME280.o
                0x000000000800945c                BME280::readRegister(unsigned char)
 .text._ZN6BME2807getModeEv
                0x000000000800947e        0xe ./sparkfunBME280STM32/src/SparkFunBME280.o
                0x000000000800947e                BME280::getMode()
 .text._ZN6BME28013writeRegisterEhh
                0x000000000800948c       0x48 ./sparkfunBME280STM32/src/SparkFunBME280.o
                0x000000000800948c                BME280::writeRegister(unsigned char, unsigned char)
 .text._ZN6BME2807setModeEh
                0x00000000080094d4       0x2c ./sparkfunBME280STM32/src/SparkFunBME280.o
                0x00000000080094d4                BME280::setMode(unsigned char)
 .text._ZN6BME28014setStandbyTimeEh
                0x0000000008009500       0x2e ./sparkfunBME280STM32/src/SparkFunBME280.o
                0x0000000008009500                BME280::setStandbyTime(unsigned char)
 .text._ZN6BME2809setFilterEh
                0x000000000800952e       0x2e ./sparkfunBME280STM32/src/SparkFunBME280.o
                0x000000000800952e                BME280::setFilter(unsigned char)
 .text._ZN6BME28017setTempOverSampleEh
                0x000000000800955c       0x4c ./sparkfunBME280STM32/src/SparkFunBME280.o
                0x000000000800955c                BME280::setTempOverSample(unsigned char)
 .text._ZN6BME28021setPressureOverSampleEh
                0x00000000080095a8       0x4c ./sparkfunBME280STM32/src/SparkFunBME280.o
                0x00000000080095a8                BME280::setPressureOverSample(unsigned char)
 .text._ZN6BME28021setHumidityOverSampleEh
                0x00000000080095f4       0x48 ./sparkfunBME280STM32/src/SparkFunBME280.o
                0x00000000080095f4                BME280::setHumidityOverSample(unsigned char)
 .text._ZN6BME2805beginEv
                0x000000000800963c      0x204 ./sparkfunBME280STM32/src/SparkFunBME280.o
                0x000000000800963c                BME280::begin()
 .text.abort    0x0000000008009840        0xe d:/stm32/stm32cubeide_1.9.0/stm32cubeide/plugins/com.st.stm32cube.ide.mcu.externaltools.gnu-tools-for-stm32.10.3-2021.10.win32_1.0.100.202210260954/tools/bin/../lib/gcc/arm-none-eabi/10.3.1/../../../../arm-none-eabi/lib/thumb/v7e-m+fp/hard\libc_nano.a(lib_a-abort.o)
                0x0000000008009840                abort
 *fill*         0x000000000800984e        0x2 
 .text.__errno  0x0000000008009850        0xc d:/stm32/stm32cubeide_1.9.0/stm32cubeide/plugins/com.st.stm32cube.ide.mcu.externaltools.gnu-tools-for-stm32.10.3-2021.10.win32_1.0.100.202210260954/tools/bin/../lib/gcc/arm-none-eabi/10.3.1/../../../../arm-none-eabi/lib/thumb/v7e-m+fp/hard\libc_nano.a(lib_a-errno.o)
                0x0000000008009850                __errno
 .text.__libc_init_array
                0x000000000800985c       0x48 d:/stm32/stm32cubeide_1.9.0/stm32cubeide/plugins/com.st.stm32cube.ide.mcu.externaltools.gnu-tools-for-stm32.10.3-2021.10.win32_1.0.100.202210260954/tools/bin/../lib/gcc/arm-none-eabi/10.3.1/../../../../arm-none-eabi/lib/thumb/v7e-m+fp/hard\libc_nano.a(lib_a-init.o)
                0x000000000800985c                __libc_init_array
 .text.malloc   0x00000000080098a4       0x10 d:/stm32/stm32cubeide_1.9.0/stm32cubeide/plugins/com.st.stm32cube.ide.mcu.externaltools.gnu-tools-for-stm32.10.3-2021.10.win32_1.0.100.202210260954/tools/bin/../lib/gcc/arm-none-eabi/10.3.1/../../../../arm-none-eabi/lib/thumb/v7e-m+fp/hard\libc_nano.a(lib_a-malloc.o)
                0x00000000080098a4                malloc
 .text.memcpy   0x00000000080098b4       0x1c d:/stm32/stm32cubeide_1.9.0/stm32cubeide/plugins/com.st.stm32cube.ide.mcu.externaltools.gnu-tools-for-stm32.10.3-2021.10.win32_1.0.100.202210260954/tools/bin/../lib/gcc/arm-none-eabi/10.3.1/../../../../arm-none-eabi/lib/thumb/v7e-m+fp/hard\libc_nano.a(lib_a-memcpy-stub.o)
                0x00000000080098b4                memcpy
 .text.memset   0x00000000080098d0       0x10 d:/stm32/stm32cubeide_1.9.0/stm32cubeide/plugins/com.st.stm32cube.ide.mcu.externaltools.gnu-tools-for-stm32.10.3-2021.10.win32_1.0.100.202210260954/tools/bin/../lib/gcc/arm-none-eabi/10.3.1/../../../../arm-none-eabi/lib/thumb/v7e-m+fp/hard\libc_nano.a(lib_a-memset.o)
                0x00000000080098d0                memset
 .text._free_r  0x00000000080098e0       0x98 d:/stm32/stm32cubeide_1.9.0/stm32cubeide/plugins/com.st.stm32cube.ide.mcu.externaltools.gnu-tools-for-stm32.10.3-2021.10.win32_1.0.100.202210260954/tools/bin/../lib/gcc/arm-none-eabi/10.3.1/../../../../arm-none-eabi/lib/thumb/v7e-m+fp/hard\libc_nano.a(lib_a-nano-freer.o)
                0x00000000080098e0                _free_r
 .text.sbrk_aligned
                0x0000000008009978       0x40 d:/stm32/stm32cubeide_1.9.0/stm32cubeide/plugins/com.st.stm32cube.ide.mcu.externaltools.gnu-tools-for-stm32.10.3-2021.10.win32_1.0.100.202210260954/tools/bin/../lib/gcc/arm-none-eabi/10.3.1/../../../../arm-none-eabi/lib/thumb/v7e-m+fp/hard\libc_nano.a(lib_a-nano-mallocr.o)
 .text._malloc_r
                0x00000000080099b8       0xe8 d:/stm32/stm32cubeide_1.9.0/stm32cubeide/plugins/com.st.stm32cube.ide.mcu.externaltools.gnu-tools-for-stm32.10.3-2021.10.win32_1.0.100.202210260954/tools/bin/../lib/gcc/arm-none-eabi/10.3.1/../../../../arm-none-eabi/lib/thumb/v7e-m+fp/hard\libc_nano.a(lib_a-nano-mallocr.o)
                0x00000000080099b8                _malloc_r
 .text.__cvt    0x0000000008009aa0       0xc4 d:/stm32/stm32cubeide_1.9.0/stm32cubeide/plugins/com.st.stm32cube.ide.mcu.externaltools.gnu-tools-for-stm32.10.3-2021.10.win32_1.0.100.202210260954/tools/bin/../lib/gcc/arm-none-eabi/10.3.1/../../../../arm-none-eabi/lib/thumb/v7e-m+fp/hard\libc_nano.a(lib_a-nano-vfprintf_float.o)
                0x0000000008009aa0                __cvt
 .text.__exponent
                0x0000000008009b64       0x7c d:/stm32/stm32cubeide_1.9.0/stm32cubeide/plugins/com.st.stm32cube.ide.mcu.externaltools.gnu-tools-for-stm32.10.3-2021.10.win32_1.0.100.202210260954/tools/bin/../lib/gcc/arm-none-eabi/10.3.1/../../../../arm-none-eabi/lib/thumb/v7e-m+fp/hard\libc_nano.a(lib_a-nano-vfprintf_float.o)
                0x0000000008009b64                __exponent
 .text._printf_float
                0x0000000008009be0      0x46c d:/stm32/stm32cubeide_1.9.0/stm32cubeide/plugins/com.st.stm32cube.ide.mcu.externaltools.gnu-tools-for-stm32.10.3-2021.10.win32_1.0.100.202210260954/tools/bin/../lib/gcc/arm-none-eabi/10.3.1/../../../../arm-none-eabi/lib/thumb/v7e-m+fp/hard\libc_nano.a(lib_a-nano-vfprintf_float.o)
                0x0000000008009be0                _printf_float
 .text._printf_common
                0x000000000800a04c       0xda d:/stm32/stm32cubeide_1.9.0/stm32cubeide/plugins/com.st.stm32cube.ide.mcu.externaltools.gnu-tools-for-stm32.10.3-2021.10.win32_1.0.100.202210260954/tools/bin/../lib/gcc/arm-none-eabi/10.3.1/../../../../arm-none-eabi/lib/thumb/v7e-m+fp/hard\libc_nano.a(lib_a-nano-vfprintf_i.o)
                0x000000000800a04c                _printf_common
 *fill*         0x000000000800a126        0x2 
 .text._printf_i
                0x000000000800a128      0x24c d:/stm32/stm32cubeide_1.9.0/stm32cubeide/plugins/com.st.stm32cube.ide.mcu.externaltools.gnu-tools-for-stm32.10.3-2021.10.win32_1.0.100.202210260954/tools/bin/../lib/gcc/arm-none-eabi/10.3.1/../../../../arm-none-eabi/lib/thumb/v7e-m+fp/hard\libc_nano.a(lib_a-nano-vfprintf_i.o)
                0x000000000800a128                _printf_i
 .text.printf   0x000000000800a374       0x30 d:/stm32/stm32cubeide_1.9.0/stm32cubeide/plugins/com.st.stm32cube.ide.mcu.externaltools.gnu-tools-for-stm32.10.3-2021.10.win32_1.0.100.202210260954/tools/bin/../lib/gcc/arm-none-eabi/10.3.1/../../../../arm-none-eabi/lib/thumb/v7e-m+fp/hard\libc_nano.a(lib_a-printf.o)
                0x000000000800a374                iprintf
                0x000000000800a374                printf
 .text._sbrk_r  0x000000000800a3a4       0x20 d:/stm32/stm32cubeide_1.9.0/stm32cubeide/plugins/com.st.stm32cube.ide.mcu.externaltools.gnu-tools-for-stm32.10.3-2021.10.win32_1.0.100.202210260954/tools/bin/../lib/gcc/arm-none-eabi/10.3.1/../../../../arm-none-eabi/lib/thumb/v7e-m+fp/hard\libc_nano.a(lib_a-sbrkr.o)
                0x000000000800a3a4                _sbrk_r
 .text._raise_r
                0x000000000800a3c4       0x50 d:/stm32/stm32cubeide_1.9.0/stm32cubeide/plugins/com.st.stm32cube.ide.mcu.externaltools.gnu-tools-for-stm32.10.3-2021.10.win32_1.0.100.202210260954/tools/bin/../lib/gcc/arm-none-eabi/10.3.1/../../../../arm-none-eabi/lib/thumb/v7e-m+fp/hard\libc_nano.a(lib_a-signal.o)
                0x000000000800a3c4                _raise_r
 .text.raise    0x000000000800a414       0x10 d:/stm32/stm32cubeide_1.9.0/stm32cubeide/plugins/com.st.stm32cube.ide.mcu.externaltools.gnu-tools-for-stm32.10.3-2021.10.win32_1.0.100.202210260954/tools/bin/../lib/gcc/arm-none-eabi/10.3.1/../../../../arm-none-eabi/lib/thumb/v7e-m+fp/hard\libc_nano.a(lib_a-signal.o)
                0x000000000800a414                raise
 .text._kill_r  0x000000000800a424       0x24 d:/stm32/stm32cubeide_1.9.0/stm32cubeide/plugins/com.st.stm32cube.ide.mcu.externaltools.gnu-tools-for-stm32.10.3-2021.10.win32_1.0.100.202210260954/tools/bin/../lib/gcc/arm-none-eabi/10.3.1/../../../../arm-none-eabi/lib/thumb/v7e-m+fp/hard\libc_nano.a(lib_a-signalr.o)
                0x000000000800a424                _kill_r
 .text._getpid_r
                0x000000000800a448        0x4 d:/stm32/stm32cubeide_1.9.0/stm32cubeide/plugins/com.st.stm32cube.ide.mcu.externaltools.gnu-tools-for-stm32.10.3-2021.10.win32_1.0.100.202210260954/tools/bin/../lib/gcc/arm-none-eabi/10.3.1/../../../../arm-none-eabi/lib/thumb/v7e-m+fp/hard\libc_nano.a(lib_a-signalr.o)
                0x000000000800a448                _getpid_r